[2023-06-12T10:52:50.292-0400][gc,heap] Heap region size: 1M
[2023-06-12T10:52:50.297-0400][gc     ] Using G1
[2023-06-12T10:52:50.297-0400][gc,heap,coops] Heap address: 0x00000000c0000000, size: 1024 MB, Compressed Oops mode: 32-bit
[2023-06-12T10:52:50.297-0400][gc,cds       ] Mark closed archive regions in map: [0x00000000fff00000, 0x00000000fff6aff8]
[2023-06-12T10:52:50.297-0400][gc,cds       ] Mark open archive regions in map: [0x00000000ffe00000, 0x00000000ffe46ff8]
[2023-06-12T10:52:50.759-0400][gc,start     ] GC(0) Pause Young (Normal) (GCLocker Initiated GC)
[2023-06-12T10:52:50.760-0400][gc,task      ] GC(0) Using 10 workers of 10 for evacuation
[2023-06-12T10:52:50.766-0400][gc,phases    ] GC(0)   Pre Evacuate Collection Set: 0.0ms
[2023-06-12T10:52:50.766-0400][gc,phases    ] GC(0)   Evacuate Collection Set: 5.4ms
[2023-06-12T10:52:50.766-0400][gc,phases    ] GC(0)   Post Evacuate Collection Set: 0.6ms
[2023-06-12T10:52:50.766-0400][gc,phases    ] GC(0)   Other: 0.7ms
[2023-06-12T10:52:50.766-0400][gc,heap      ] GC(0) Eden regions: 51->0(44)
[2023-06-12T10:52:50.766-0400][gc,heap      ] GC(0) Survivor regions: 0->7(7)
[2023-06-12T10:52:50.766-0400][gc,heap      ] GC(0) Old regions: 2->2
[2023-06-12T10:52:50.766-0400][gc,heap      ] GC(0) Humongous regions: 0->0
[2023-06-12T10:52:50.766-0400][gc,metaspace ] GC(0) Metaspace: 14213K(15104K)->14213K(15104K) NonClass: 12465K(13056K)->12465K(13056K) Class: 1748K(2048K)->1748K(2048K)
[2023-06-12T10:52:50.766-0400][gc           ] GC(0) Pause Young (Normal) (GCLocker Initiated GC) 51M->7M(1024M) 6.837ms
[2023-06-12T10:52:50.766-0400][gc,cpu       ] GC(0) User=0.05s Sys=0.00s Real=0.01s
[2023-06-12T10:52:51.040-0400][gc,start     ] GC(1) Pause Young (Concurrent Start) (Metadata GC Threshold)
[2023-06-12T10:52:51.040-0400][gc,task      ] GC(1) Using 10 workers of 10 for evacuation
[2023-06-12T10:52:51.045-0400][gc,phases    ] GC(1)   Pre Evacuate Collection Set: 0.1ms
[2023-06-12T10:52:51.045-0400][gc,phases    ] GC(1)   Evacuate Collection Set: 4.6ms
[2023-06-12T10:52:51.045-0400][gc,phases    ] GC(1)   Post Evacuate Collection Set: 0.4ms
[2023-06-12T10:52:51.045-0400][gc,phases    ] GC(1)   Other: 0.3ms
[2023-06-12T10:52:51.045-0400][gc,heap      ] GC(1) Eden regions: 29->0(49)
[2023-06-12T10:52:51.045-0400][gc,heap      ] GC(1) Survivor regions: 7->2(7)
[2023-06-12T10:52:51.045-0400][gc,heap      ] GC(1) Old regions: 2->9
[2023-06-12T10:52:51.045-0400][gc,heap      ] GC(1) Humongous regions: 0->0
[2023-06-12T10:52:51.045-0400][gc,metaspace ] GC(1) Metaspace: 20601K(21248K)->20601K(21248K) NonClass: 18108K(18432K)->18108K(18432K) Class: 2493K(2816K)->2493K(2816K)
[2023-06-12T10:52:51.045-0400][gc           ] GC(1) Pause Young (Concurrent Start) (Metadata GC Threshold) 36M->8M(1024M) 5.456ms
[2023-06-12T10:52:51.045-0400][gc,cpu       ] GC(1) User=0.02s Sys=0.01s Real=0.01s
[2023-06-12T10:52:51.045-0400][gc           ] GC(2) Concurrent Cycle
[2023-06-12T10:52:51.045-0400][gc,marking   ] GC(2) Concurrent Clear Claimed Marks
[2023-06-12T10:52:51.045-0400][gc,marking   ] GC(2) Concurrent Clear Claimed Marks 0.027ms
[2023-06-12T10:52:51.045-0400][gc,marking   ] GC(2) Concurrent Scan Root Regions
[2023-06-12T10:52:51.046-0400][gc,marking   ] GC(2) Concurrent Scan Root Regions 0.791ms
[2023-06-12T10:52:51.046-0400][gc,marking   ] GC(2) Concurrent Mark (0.756s)
[2023-06-12T10:52:51.046-0400][gc,marking   ] GC(2) Concurrent Mark From Roots
[2023-06-12T10:52:51.046-0400][gc,task      ] GC(2) Using 3 workers of 3 for marking
[2023-06-12T10:52:51.050-0400][gc,marking   ] GC(2) Concurrent Mark From Roots 4.223ms
[2023-06-12T10:52:51.050-0400][gc,marking   ] GC(2) Concurrent Preclean
[2023-06-12T10:52:51.050-0400][gc,marking   ] GC(2) Concurrent Preclean 0.122ms
[2023-06-12T10:52:51.050-0400][gc,marking   ] GC(2) Concurrent Mark (0.756s, 0.760s) 4.416ms
[2023-06-12T10:52:51.051-0400][gc,start     ] GC(2) Pause Remark
[2023-06-12T10:52:51.053-0400][gc,stringtable] GC(2) Cleaned string and symbol table, strings: 5155 processed, 0 removed, symbols: 52852 processed, 43 removed
[2023-06-12T10:52:51.053-0400][gc            ] GC(2) Pause Remark 8M->8M(1024M) 2.410ms
[2023-06-12T10:52:51.053-0400][gc,cpu        ] GC(2) User=0.01s Sys=0.00s Real=0.00s
[2023-06-12T10:52:51.053-0400][gc,marking    ] GC(2) Concurrent Rebuild Remembered Sets
[2023-06-12T10:52:51.055-0400][gc,marking    ] GC(2) Concurrent Rebuild Remembered Sets 1.747ms
[2023-06-12T10:52:51.055-0400][gc,start      ] GC(2) Pause Cleanup
[2023-06-12T10:52:51.055-0400][gc            ] GC(2) Pause Cleanup 9M->9M(1024M) 0.164ms
[2023-06-12T10:52:51.055-0400][gc,cpu        ] GC(2) User=0.00s Sys=0.00s Real=0.00s
[2023-06-12T10:52:51.055-0400][gc,marking    ] GC(2) Concurrent Cleanup for Next Mark
[2023-06-12T10:52:51.058-0400][gc,marking    ] GC(2) Concurrent Cleanup for Next Mark 2.464ms
[2023-06-12T10:52:51.058-0400][gc            ] GC(2) Concurrent Cycle 12.496ms
[2023-06-12T10:52:51.587-0400][gc,start      ] GC(3) Pause Young (Normal) (G1 Evacuation Pause)
[2023-06-12T10:52:51.587-0400][gc,task       ] GC(3) Using 10 workers of 10 for evacuation
[2023-06-12T10:52:51.589-0400][gc,phases     ] GC(3)   Pre Evacuate Collection Set: 0.0ms
[2023-06-12T10:52:51.589-0400][gc,phases     ] GC(3)   Evacuate Collection Set: 2.1ms
[2023-06-12T10:52:51.589-0400][gc,phases     ] GC(3)   Post Evacuate Collection Set: 0.3ms
[2023-06-12T10:52:51.589-0400][gc,phases     ] GC(3)   Other: 0.2ms
[2023-06-12T10:52:51.589-0400][gc,heap       ] GC(3) Eden regions: 49->0(47)
[2023-06-12T10:52:51.589-0400][gc,heap       ] GC(3) Survivor regions: 2->4(7)
[2023-06-12T10:52:51.589-0400][gc,heap       ] GC(3) Old regions: 9->9
[2023-06-12T10:52:51.589-0400][gc,heap       ] GC(3) Humongous regions: 129->129
[2023-06-12T10:52:51.589-0400][gc,metaspace  ] GC(3) Metaspace: 29353K(30720K)->29353K(30720K) NonClass: 25846K(26624K)->25846K(26624K) Class: 3507K(4096K)->3507K(4096K)
[2023-06-12T10:52:51.589-0400][gc            ] GC(3) Pause Young (Normal) (G1 Evacuation Pause) 186M->139M(1024M) 2.580ms
[2023-06-12T10:52:51.589-0400][gc,cpu        ] GC(3) User=0.02s Sys=0.01s Real=0.00s
[2023-06-12T10:52:51.820-0400][gc,start      ] GC(4) Pause Young (Concurrent Start) (Metadata GC Threshold)
[2023-06-12T10:52:51.820-0400][gc,task       ] GC(4) Using 10 workers of 10 for evacuation
[2023-06-12T10:52:51.822-0400][gc,phases     ] GC(4)   Pre Evacuate Collection Set: 0.1ms
[2023-06-12T10:52:51.822-0400][gc,phases     ] GC(4)   Evacuate Collection Set: 1.8ms
[2023-06-12T10:52:51.822-0400][gc,phases     ] GC(4)   Post Evacuate Collection Set: 0.4ms
[2023-06-12T10:52:51.822-0400][gc,phases     ] GC(4)   Other: 0.2ms
[2023-06-12T10:52:51.822-0400][gc,heap       ] GC(4) Eden regions: 29->0(44)
[2023-06-12T10:52:51.822-0400][gc,heap       ] GC(4) Survivor regions: 4->7(7)
[2023-06-12T10:52:51.822-0400][gc,heap       ] GC(4) Old regions: 9->9
[2023-06-12T10:52:51.822-0400][gc,heap       ] GC(4) Humongous regions: 129->129
[2023-06-12T10:52:51.822-0400][gc,metaspace  ] GC(4) Metaspace: 34305K(35840K)->34305K(35840K) NonClass: 30279K(31104K)->30279K(31104K) Class: 4025K(4736K)->4025K(4736K)
[2023-06-12T10:52:51.822-0400][gc            ] GC(4) Pause Young (Concurrent Start) (Metadata GC Threshold) 168M->142M(1024M) 2.628ms
[2023-06-12T10:52:51.822-0400][gc,cpu        ] GC(4) User=0.01s Sys=0.00s Real=0.01s
[2023-06-12T10:52:51.822-0400][gc            ] GC(5) Concurrent Cycle
[2023-06-12T10:52:51.822-0400][gc,marking    ] GC(5) Concurrent Clear Claimed Marks
[2023-06-12T10:52:51.822-0400][gc,marking    ] GC(5) Concurrent Clear Claimed Marks 0.114ms
[2023-06-12T10:52:51.822-0400][gc,marking    ] GC(5) Concurrent Scan Root Regions
[2023-06-12T10:52:51.824-0400][gc,marking    ] GC(5) Concurrent Scan Root Regions 1.125ms
[2023-06-12T10:52:51.824-0400][gc,marking    ] GC(5) Concurrent Mark (1.534s)
[2023-06-12T10:52:51.824-0400][gc,marking    ] GC(5) Concurrent Mark From Roots
[2023-06-12T10:52:51.824-0400][gc,task       ] GC(5) Using 3 workers of 3 for marking
[2023-06-12T10:52:51.826-0400][gc,marking    ] GC(5) Concurrent Mark From Roots 2.365ms
[2023-06-12T10:52:51.826-0400][gc,marking    ] GC(5) Concurrent Preclean
[2023-06-12T10:52:51.826-0400][gc,marking    ] GC(5) Concurrent Preclean 0.086ms
[2023-06-12T10:52:51.826-0400][gc,marking    ] GC(5) Concurrent Mark (1.534s, 1.536s) 2.507ms
[2023-06-12T10:52:51.827-0400][gc,start      ] GC(5) Pause Remark
[2023-06-12T10:52:51.828-0400][gc,stringtable] GC(5) Cleaned string and symbol table, strings: 9699 processed, 13 removed, symbols: 85124 processed, 13 removed
[2023-06-12T10:52:51.828-0400][gc            ] GC(5) Pause Remark 142M->142M(1024M) 1.585ms
[2023-06-12T10:52:51.828-0400][gc,cpu        ] GC(5) User=0.01s Sys=0.00s Real=0.00s
[2023-06-12T10:52:51.828-0400][gc,marking    ] GC(5) Concurrent Rebuild Remembered Sets
[2023-06-12T10:52:51.830-0400][gc,marking    ] GC(5) Concurrent Rebuild Remembered Sets 1.590ms
[2023-06-12T10:52:51.830-0400][gc,start      ] GC(5) Pause Cleanup
[2023-06-12T10:52:51.830-0400][gc            ] GC(5) Pause Cleanup 143M->143M(1024M) 0.189ms
[2023-06-12T10:52:51.830-0400][gc,cpu        ] GC(5) User=0.00s Sys=0.00s Real=0.00s
[2023-06-12T10:52:51.830-0400][gc,marking    ] GC(5) Concurrent Cleanup for Next Mark
[2023-06-12T10:52:51.833-0400][gc,marking    ] GC(5) Concurrent Cleanup for Next Mark 2.587ms
[2023-06-12T10:52:51.833-0400][gc            ] GC(5) Concurrent Cycle 10.747ms
[2023-06-12T10:53:29.800-0400][gc,start      ] GC(6) Pause Young (Normal) (G1 Evacuation Pause)
[2023-06-12T10:53:29.800-0400][gc,task       ] GC(6) Using 10 workers of 10 for evacuation
[2023-06-12T10:53:29.804-0400][gc,phases     ] GC(6)   Pre Evacuate Collection Set: 0.0ms
[2023-06-12T10:53:29.804-0400][gc,phases     ] GC(6)   Evacuate Collection Set: 3.2ms
[2023-06-12T10:53:29.804-0400][gc,phases     ] GC(6)   Post Evacuate Collection Set: 0.4ms
[2023-06-12T10:53:29.804-0400][gc,phases     ] GC(6)   Other: 0.2ms
[2023-06-12T10:53:29.804-0400][gc,heap       ] GC(6) Eden regions: 44->0(46)
[2023-06-12T10:53:29.804-0400][gc,heap       ] GC(6) Survivor regions: 7->5(7)
[2023-06-12T10:53:29.804-0400][gc,heap       ] GC(6) Old regions: 9->12
[2023-06-12T10:53:29.804-0400][gc,heap       ] GC(6) Humongous regions: 135->129
[2023-06-12T10:53:29.804-0400][gc,metaspace  ] GC(6) Metaspace: 41382K(44032K)->41382K(44032K) NonClass: 36005K(37376K)->36005K(37376K) Class: 5377K(6656K)->5377K(6656K)
[2023-06-12T10:53:29.804-0400][gc            ] GC(6) Pause Young (Normal) (G1 Evacuation Pause) 192M->144M(1024M) 3.821ms
[2023-06-12T10:53:29.804-0400][gc,cpu        ] GC(6) User=0.03s Sys=0.00s Real=0.01s
[2023-06-12T10:55:53.866-0400][gc,heap,exit  ] Heap
[2023-06-12T10:55:53.866-0400][gc,heap,exit  ]  garbage-first heap   total 1048576K, used 171211K [0x00000000c0000000, 0x0000000100000000)
[2023-06-12T10:55:53.866-0400][gc,heap,exit  ]   region size 1024K, 30 young (30720K), 5 survivors (5120K)
[2023-06-12T10:55:53.866-0400][gc,heap,exit  ]  Metaspace       used 44014K, capacity 46866K, committed 46976K, reserved 1089536K
[2023-06-12T10:55:53.866-0400][gc,heap,exit  ]   class space    used 5836K, capacity 7250K, committed 7296K, reserved 1048576K
