[2023-06-12T09:23:26.674-0400][gc,heap] Heap region size: 1M
[2023-06-12T09:23:26.681-0400][gc     ] Using G1
[2023-06-12T09:23:26.681-0400][gc,heap,coops] Heap address: 0x00000000c0000000, size: 1024 MB, Compressed Oops mode: 32-bit
[2023-06-12T09:23:26.681-0400][gc,cds       ] Mark closed archive regions in map: [0x00000000fff00000, 0x00000000fff6aff8]
[2023-06-12T09:23:26.681-0400][gc,cds       ] Mark open archive regions in map: [0x00000000ffe00000, 0x00000000ffe46ff8]
[2023-06-12T09:23:27.133-0400][gc,start     ] GC(0) Pause Young (Normal) (G1 Evacuation Pause)
[2023-06-12T09:23:27.133-0400][gc,task      ] GC(0) Using 10 workers of 10 for evacuation
[2023-06-12T09:23:27.139-0400][gc,phases    ] GC(0)   Pre Evacuate Collection Set: 0.0ms
[2023-06-12T09:23:27.139-0400][gc,phases    ] GC(0)   Evacuate Collection Set: 5.3ms
[2023-06-12T09:23:27.139-0400][gc,phases    ] GC(0)   Post Evacuate Collection Set: 0.4ms
[2023-06-12T09:23:27.139-0400][gc,phases    ] GC(0)   Other: 0.7ms
[2023-06-12T09:23:27.139-0400][gc,heap      ] GC(0) Eden regions: 51->0(44)
[2023-06-12T09:23:27.139-0400][gc,heap      ] GC(0) Survivor regions: 0->7(7)
[2023-06-12T09:23:27.139-0400][gc,heap      ] GC(0) Old regions: 2->2
[2023-06-12T09:23:27.139-0400][gc,heap      ] GC(0) Humongous regions: 0->0
[2023-06-12T09:23:27.139-0400][gc,metaspace ] GC(0) Metaspace: 14104K(14848K)->14104K(14848K) NonClass: 12370K(12800K)->12370K(12800K) Class: 1734K(2048K)->1734K(2048K)
[2023-06-12T09:23:27.139-0400][gc           ] GC(0) Pause Young (Normal) (G1 Evacuation Pause) 51M->7M(1024M) 6.576ms
[2023-06-12T09:23:27.139-0400][gc,cpu       ] GC(0) User=0.04s Sys=0.01s Real=0.00s
[2023-06-12T09:23:27.392-0400][gc,start     ] GC(1) Pause Young (Concurrent Start) (Metadata GC Threshold)
[2023-06-12T09:23:27.392-0400][gc,task      ] GC(1) Using 10 workers of 10 for evacuation
[2023-06-12T09:23:27.398-0400][gc,phases    ] GC(1)   Pre Evacuate Collection Set: 0.1ms
[2023-06-12T09:23:27.398-0400][gc,phases    ] GC(1)   Evacuate Collection Set: 5.3ms
[2023-06-12T09:23:27.398-0400][gc,phases    ] GC(1)   Post Evacuate Collection Set: 0.2ms
[2023-06-12T09:23:27.398-0400][gc,phases    ] GC(1)   Other: 0.2ms
[2023-06-12T09:23:27.398-0400][gc,heap      ] GC(1) Eden regions: 29->0(49)
[2023-06-12T09:23:27.398-0400][gc,heap      ] GC(1) Survivor regions: 7->2(7)
[2023-06-12T09:23:27.398-0400][gc,heap      ] GC(1) Old regions: 2->9
[2023-06-12T09:23:27.398-0400][gc,heap      ] GC(1) Humongous regions: 0->0
[2023-06-12T09:23:27.398-0400][gc,metaspace ] GC(1) Metaspace: 20592K(21248K)->20592K(21248K) NonClass: 18104K(18432K)->18104K(18432K) Class: 2487K(2816K)->2487K(2816K)
[2023-06-12T09:23:27.398-0400][gc           ] GC(1) Pause Young (Concurrent Start) (Metadata GC Threshold) 36M->8M(1024M) 5.869ms
[2023-06-12T09:23:27.398-0400][gc,cpu       ] GC(1) User=0.01s Sys=0.01s Real=0.00s
[2023-06-12T09:23:27.398-0400][gc           ] GC(2) Concurrent Cycle
[2023-06-12T09:23:27.398-0400][gc,marking   ] GC(2) Concurrent Clear Claimed Marks
[2023-06-12T09:23:27.398-0400][gc,marking   ] GC(2) Concurrent Clear Claimed Marks 0.034ms
[2023-06-12T09:23:27.398-0400][gc,marking   ] GC(2) Concurrent Scan Root Regions
[2023-06-12T09:23:27.399-0400][gc,marking   ] GC(2) Concurrent Scan Root Regions 0.740ms
[2023-06-12T09:23:27.399-0400][gc,marking   ] GC(2) Concurrent Mark (0.727s)
[2023-06-12T09:23:27.399-0400][gc,marking   ] GC(2) Concurrent Mark From Roots
[2023-06-12T09:23:27.399-0400][gc,task      ] GC(2) Using 3 workers of 3 for marking
[2023-06-12T09:23:27.401-0400][gc,marking   ] GC(2) Concurrent Mark From Roots 2.452ms
[2023-06-12T09:23:27.404-0400][gc,marking   ] GC(2) Concurrent Preclean
[2023-06-12T09:23:27.404-0400][gc,marking   ] GC(2) Concurrent Preclean 0.104ms
[2023-06-12T09:23:27.404-0400][gc,marking   ] GC(2) Concurrent Mark (0.727s, 0.732s) 5.277ms
[2023-06-12T09:23:27.404-0400][gc,start     ] GC(2) Pause Remark
[2023-06-12T09:23:27.406-0400][gc,stringtable] GC(2) Cleaned string and symbol table, strings: 5139 processed, 0 removed, symbols: 52715 processed, 43 removed
[2023-06-12T09:23:27.406-0400][gc            ] GC(2) Pause Remark 8M->8M(1024M) 1.474ms
[2023-06-12T09:23:27.406-0400][gc,cpu        ] GC(2) User=0.00s Sys=0.00s Real=0.00s
[2023-06-12T09:23:27.406-0400][gc,marking    ] GC(2) Concurrent Rebuild Remembered Sets
[2023-06-12T09:23:27.407-0400][gc,marking    ] GC(2) Concurrent Rebuild Remembered Sets 1.445ms
[2023-06-12T09:23:27.407-0400][gc,start      ] GC(2) Pause Cleanup
[2023-06-12T09:23:27.408-0400][gc            ] GC(2) Pause Cleanup 8M->8M(1024M) 0.335ms
[2023-06-12T09:23:27.408-0400][gc,cpu        ] GC(2) User=0.00s Sys=0.00s Real=0.00s
[2023-06-12T09:23:27.408-0400][gc,marking    ] GC(2) Concurrent Cleanup for Next Mark
[2023-06-12T09:23:27.410-0400][gc,marking    ] GC(2) Concurrent Cleanup for Next Mark 2.686ms
[2023-06-12T09:23:27.411-0400][gc            ] GC(2) Concurrent Cycle 12.346ms
[2023-06-12T09:23:27.747-0400][gc,start      ] GC(3) Pause Young (Normal) (G1 Evacuation Pause)
[2023-06-12T09:23:27.747-0400][gc,task       ] GC(3) Using 10 workers of 10 for evacuation
[2023-06-12T09:23:27.749-0400][gc,phases     ] GC(3)   Pre Evacuate Collection Set: 0.0ms
[2023-06-12T09:23:27.749-0400][gc,phases     ] GC(3)   Evacuate Collection Set: 1.3ms
[2023-06-12T09:23:27.749-0400][gc,phases     ] GC(3)   Post Evacuate Collection Set: 0.3ms
[2023-06-12T09:23:27.749-0400][gc,phases     ] GC(3)   Other: 0.1ms
[2023-06-12T09:23:27.749-0400][gc,heap       ] GC(3) Eden regions: 49->0(46)
[2023-06-12T09:23:27.749-0400][gc,heap       ] GC(3) Survivor regions: 2->5(7)
[2023-06-12T09:23:27.749-0400][gc,heap       ] GC(3) Old regions: 9->9
[2023-06-12T09:23:27.749-0400][gc,heap       ] GC(3) Humongous regions: 129->129
[2023-06-12T09:23:27.749-0400][gc,metaspace  ] GC(3) Metaspace: 28774K(29952K)->28774K(29952K) NonClass: 25416K(26112K)->25416K(26112K) Class: 3357K(3840K)->3357K(3840K)
[2023-06-12T09:23:27.749-0400][gc            ] GC(3) Pause Young (Normal) (G1 Evacuation Pause) 186M->140M(1024M) 1.775ms
[2023-06-12T09:23:27.749-0400][gc,cpu        ] GC(3) User=0.02s Sys=0.01s Real=0.00s
[2023-06-12T09:23:34.124-0400][gc,start      ] GC(4) Pause Young (Concurrent Start) (Metadata GC Threshold)
[2023-06-12T09:23:34.124-0400][gc,task       ] GC(4) Using 10 workers of 10 for evacuation
[2023-06-12T09:23:34.132-0400][gc,phases     ] GC(4)   Pre Evacuate Collection Set: 0.1ms
[2023-06-12T09:23:34.132-0400][gc,phases     ] GC(4)   Evacuate Collection Set: 7.2ms
[2023-06-12T09:23:34.132-0400][gc,phases     ] GC(4)   Post Evacuate Collection Set: 0.5ms
[2023-06-12T09:23:34.132-0400][gc,phases     ] GC(4)   Other: 0.3ms
[2023-06-12T09:23:34.132-0400][gc,heap       ] GC(4) Eden regions: 32->0(49)
[2023-06-12T09:23:34.132-0400][gc,heap       ] GC(4) Survivor regions: 5->2(7)
[2023-06-12T09:23:34.132-0400][gc,heap       ] GC(4) Old regions: 9->13
[2023-06-12T09:23:34.132-0400][gc,heap       ] GC(4) Humongous regions: 129->129
[2023-06-12T09:23:34.132-0400][gc,metaspace  ] GC(4) Metaspace: 34558K(35840K)->34558K(35840K) NonClass: 30545K(31232K)->30545K(31232K) Class: 4013K(4608K)->4013K(4608K)
[2023-06-12T09:23:34.132-0400][gc            ] GC(4) Pause Young (Concurrent Start) (Metadata GC Threshold) 172M->142M(1024M) 8.221ms
[2023-06-12T09:23:34.132-0400][gc,cpu        ] GC(4) User=0.04s Sys=0.01s Real=0.01s
[2023-06-12T09:23:34.132-0400][gc            ] GC(5) Concurrent Cycle
[2023-06-12T09:23:34.132-0400][gc,marking    ] GC(5) Concurrent Clear Claimed Marks
[2023-06-12T09:23:34.133-0400][gc,marking    ] GC(5) Concurrent Clear Claimed Marks 0.158ms
[2023-06-12T09:23:34.133-0400][gc,marking    ] GC(5) Concurrent Scan Root Regions
[2023-06-12T09:23:34.133-0400][gc,marking    ] GC(5) Concurrent Scan Root Regions 0.942ms
[2023-06-12T09:23:34.133-0400][gc,marking    ] GC(5) Concurrent Mark (7.461s)
[2023-06-12T09:23:34.134-0400][gc,marking    ] GC(5) Concurrent Mark From Roots
[2023-06-12T09:23:34.134-0400][gc,task       ] GC(5) Using 3 workers of 3 for marking
[2023-06-12T09:23:34.139-0400][gc,marking    ] GC(5) Concurrent Mark From Roots 5.407ms
[2023-06-12T09:23:34.139-0400][gc,marking    ] GC(5) Concurrent Preclean
[2023-06-12T09:23:34.139-0400][gc,marking    ] GC(5) Concurrent Preclean 0.108ms
[2023-06-12T09:23:34.139-0400][gc,marking    ] GC(5) Concurrent Mark (7.461s, 7.467s) 5.568ms
[2023-06-12T09:23:34.139-0400][gc,start      ] GC(5) Pause Remark
[2023-06-12T09:23:34.141-0400][gc,stringtable] GC(5) Cleaned string and symbol table, strings: 9714 processed, 13 removed, symbols: 84232 processed, 15 removed
[2023-06-12T09:23:34.141-0400][gc            ] GC(5) Pause Remark 142M->142M(1024M) 1.969ms
[2023-06-12T09:23:34.141-0400][gc,cpu        ] GC(5) User=0.01s Sys=0.00s Real=0.00s
[2023-06-12T09:23:34.141-0400][gc,marking    ] GC(5) Concurrent Rebuild Remembered Sets
[2023-06-12T09:23:34.145-0400][gc,marking    ] GC(5) Concurrent Rebuild Remembered Sets 3.881ms
[2023-06-12T09:23:34.145-0400][gc,start      ] GC(5) Pause Cleanup
[2023-06-12T09:23:34.145-0400][gc            ] GC(5) Pause Cleanup 142M->142M(1024M) 0.153ms
[2023-06-12T09:23:34.145-0400][gc,cpu        ] GC(5) User=0.00s Sys=0.00s Real=0.00s
[2023-06-12T09:23:34.145-0400][gc,marking    ] GC(5) Concurrent Cleanup for Next Mark
[2023-06-12T09:23:34.148-0400][gc,marking    ] GC(5) Concurrent Cleanup for Next Mark 2.908ms
[2023-06-12T09:23:34.148-0400][gc            ] GC(5) Concurrent Cycle 16.061ms
[2023-06-12T10:31:58.682-0400][gc,start      ] GC(6) Pause Young (Normal) (G1 Evacuation Pause)
[2023-06-12T10:31:58.682-0400][gc,task       ] GC(6) Using 10 workers of 10 for evacuation
[2023-06-12T10:31:58.686-0400][gc,phases     ] GC(6)   Pre Evacuate Collection Set: 0.1ms
[2023-06-12T10:31:58.686-0400][gc,phases     ] GC(6)   Evacuate Collection Set: 3.6ms
[2023-06-12T10:31:58.686-0400][gc,phases     ] GC(6)   Post Evacuate Collection Set: 0.3ms
[2023-06-12T10:31:58.686-0400][gc,phases     ] GC(6)   Other: 0.5ms
[2023-06-12T10:31:58.686-0400][gc,heap       ] GC(6) Eden regions: 49->0(48)
[2023-06-12T10:31:58.686-0400][gc,heap       ] GC(6) Survivor regions: 2->3(7)
[2023-06-12T10:31:58.686-0400][gc,heap       ] GC(6) Old regions: 13->13
[2023-06-12T10:31:58.686-0400][gc,heap       ] GC(6) Humongous regions: 129->129
[2023-06-12T10:31:58.686-0400][gc,metaspace  ] GC(6) Metaspace: 37686K(39680K)->37686K(39680K) NonClass: 33209K(34304K)->33209K(34304K) Class: 4476K(5376K)->4476K(5376K)
[2023-06-12T10:31:58.686-0400][gc            ] GC(6) Pause Young (Normal) (G1 Evacuation Pause) 191M->142M(1024M) 4.437ms
[2023-06-12T10:31:58.686-0400][gc,cpu        ] GC(6) User=0.03s Sys=0.00s Real=0.00s
[2023-06-12T10:40:35.681-0400][gc,heap,exit  ] Heap
[2023-06-12T10:40:35.685-0400][gc,heap,exit  ]  garbage-first heap   total 1048576K, used 160475K [0x00000000c0000000, 0x0000000100000000)
[2023-06-12T10:40:35.685-0400][gc,heap,exit  ]   region size 1024K, 19 young (19456K), 3 survivors (3072K)
[2023-06-12T10:40:35.685-0400][gc,heap,exit  ]  Metaspace       used 38568K, capacity 40338K, committed 40448K, reserved 1083392K
[2023-06-12T10:40:35.685-0400][gc,heap,exit  ]   class space    used 4677K, capacity 5532K, committed 5632K, reserved 1048576K
