[2023-06-12T10:53:19.660-0400][gc,heap] Heap region size: 1M
[2023-06-12T10:53:19.666-0400][gc     ] Using G1
[2023-06-12T10:53:19.666-0400][gc,heap,coops] Heap address: 0x00000000c0000000, size: 1024 MB, Compressed Oops mode: 32-bit
[2023-06-12T10:53:19.666-0400][gc,cds       ] Mark closed archive regions in map: [0x00000000fff00000, 0x00000000fff6aff8]
[2023-06-12T10:53:19.666-0400][gc,cds       ] Mark open archive regions in map: [0x00000000ffe00000, 0x00000000ffe46ff8]
[2023-06-12T10:53:20.127-0400][gc,start     ] GC(0) Pause Young (Normal) (G1 Evacuation Pause)
[2023-06-12T10:53:20.127-0400][gc,task      ] GC(0) Using 10 workers of 10 for evacuation
[2023-06-12T10:53:20.133-0400][gc,phases    ] GC(0)   Pre Evacuate Collection Set: 0.0ms
[2023-06-12T10:53:20.133-0400][gc,phases    ] GC(0)   Evacuate Collection Set: 5.5ms
[2023-06-12T10:53:20.133-0400][gc,phases    ] GC(0)   Post Evacuate Collection Set: 0.4ms
[2023-06-12T10:53:20.133-0400][gc,phases    ] GC(0)   Other: 0.7ms
[2023-06-12T10:53:20.134-0400][gc,heap      ] GC(0) Eden regions: 51->0(44)
[2023-06-12T10:53:20.134-0400][gc,heap      ] GC(0) Survivor regions: 0->7(7)
[2023-06-12T10:53:20.134-0400][gc,heap      ] GC(0) Old regions: 2->2
[2023-06-12T10:53:20.134-0400][gc,heap      ] GC(0) Humongous regions: 0->0
[2023-06-12T10:53:20.134-0400][gc,metaspace ] GC(0) Metaspace: 14220K(15104K)->14220K(15104K) NonClass: 12472K(13056K)->12472K(13056K) Class: 1748K(2048K)->1748K(2048K)
[2023-06-12T10:53:20.134-0400][gc           ] GC(0) Pause Young (Normal) (G1 Evacuation Pause) 51M->7M(1024M) 6.704ms
[2023-06-12T10:53:20.134-0400][gc,cpu       ] GC(0) User=0.05s Sys=0.00s Real=0.00s
[2023-06-12T10:53:20.391-0400][gc,start     ] GC(1) Pause Young (Concurrent Start) (Metadata GC Threshold)
[2023-06-12T10:53:20.391-0400][gc,task      ] GC(1) Using 10 workers of 10 for evacuation
[2023-06-12T10:53:20.397-0400][gc,phases    ] GC(1)   Pre Evacuate Collection Set: 0.1ms
[2023-06-12T10:53:20.397-0400][gc,phases    ] GC(1)   Evacuate Collection Set: 5.3ms
[2023-06-12T10:53:20.397-0400][gc,phases    ] GC(1)   Post Evacuate Collection Set: 0.2ms
[2023-06-12T10:53:20.397-0400][gc,phases    ] GC(1)   Other: 0.2ms
[2023-06-12T10:53:20.397-0400][gc,heap      ] GC(1) Eden regions: 30->0(49)
[2023-06-12T10:53:20.397-0400][gc,heap      ] GC(1) Survivor regions: 7->2(7)
[2023-06-12T10:53:20.397-0400][gc,heap      ] GC(1) Old regions: 2->9
[2023-06-12T10:53:20.397-0400][gc,heap      ] GC(1) Humongous regions: 0->0
[2023-06-12T10:53:20.397-0400][gc,metaspace ] GC(1) Metaspace: 20559K(21248K)->20559K(21248K) NonClass: 18072K(18432K)->18072K(18432K) Class: 2487K(2816K)->2487K(2816K)
[2023-06-12T10:53:20.397-0400][gc           ] GC(1) Pause Young (Concurrent Start) (Metadata GC Threshold) 36M->8M(1024M) 5.905ms
[2023-06-12T10:53:20.397-0400][gc,cpu       ] GC(1) User=0.03s Sys=0.00s Real=0.01s
[2023-06-12T10:53:20.397-0400][gc           ] GC(2) Concurrent Cycle
[2023-06-12T10:53:20.397-0400][gc,marking   ] GC(2) Concurrent Clear Claimed Marks
[2023-06-12T10:53:20.397-0400][gc,marking   ] GC(2) Concurrent Clear Claimed Marks 0.060ms
[2023-06-12T10:53:20.397-0400][gc,marking   ] GC(2) Concurrent Scan Root Regions
[2023-06-12T10:53:20.398-0400][gc,marking   ] GC(2) Concurrent Scan Root Regions 0.878ms
[2023-06-12T10:53:20.398-0400][gc,marking   ] GC(2) Concurrent Mark (0.739s)
[2023-06-12T10:53:20.398-0400][gc,marking   ] GC(2) Concurrent Mark From Roots
[2023-06-12T10:53:20.398-0400][gc,task      ] GC(2) Using 3 workers of 3 for marking
[2023-06-12T10:53:20.401-0400][gc,marking   ] GC(2) Concurrent Mark From Roots 2.958ms
[2023-06-12T10:53:20.401-0400][gc,marking   ] GC(2) Concurrent Preclean
[2023-06-12T10:53:20.401-0400][gc,marking   ] GC(2) Concurrent Preclean 0.138ms
[2023-06-12T10:53:20.401-0400][gc,marking   ] GC(2) Concurrent Mark (0.739s, 0.742s) 3.167ms
[2023-06-12T10:53:20.401-0400][gc,start     ] GC(2) Pause Remark
[2023-06-12T10:53:20.403-0400][gc,stringtable] GC(2) Cleaned string and symbol table, strings: 5141 processed, 0 removed, symbols: 52769 processed, 43 removed
[2023-06-12T10:53:20.403-0400][gc            ] GC(2) Pause Remark 8M->8M(1024M) 2.038ms
[2023-06-12T10:53:20.403-0400][gc,cpu        ] GC(2) User=0.01s Sys=0.00s Real=0.01s
[2023-06-12T10:53:20.403-0400][gc,marking    ] GC(2) Concurrent Rebuild Remembered Sets
[2023-06-12T10:53:20.405-0400][gc,marking    ] GC(2) Concurrent Rebuild Remembered Sets 1.789ms
[2023-06-12T10:53:20.405-0400][gc,start      ] GC(2) Pause Cleanup
[2023-06-12T10:53:20.405-0400][gc            ] GC(2) Pause Cleanup 8M->8M(1024M) 0.147ms
[2023-06-12T10:53:20.405-0400][gc,cpu        ] GC(2) User=0.00s Sys=0.00s Real=0.00s
[2023-06-12T10:53:20.405-0400][gc,marking    ] GC(2) Concurrent Cleanup for Next Mark
[2023-06-12T10:53:20.408-0400][gc,marking    ] GC(2) Concurrent Cleanup for Next Mark 2.757ms
[2023-06-12T10:53:20.408-0400][gc            ] GC(2) Concurrent Cycle 11.338ms
[2023-06-12T10:53:20.931-0400][gc,start      ] GC(3) Pause Young (Normal) (G1 Evacuation Pause)
[2023-06-12T10:53:20.931-0400][gc,task       ] GC(3) Using 10 workers of 10 for evacuation
[2023-06-12T10:53:20.934-0400][gc,phases     ] GC(3)   Pre Evacuate Collection Set: 0.0ms
[2023-06-12T10:53:20.934-0400][gc,phases     ] GC(3)   Evacuate Collection Set: 1.9ms
[2023-06-12T10:53:20.934-0400][gc,phases     ] GC(3)   Post Evacuate Collection Set: 0.4ms
[2023-06-12T10:53:20.934-0400][gc,phases     ] GC(3)   Other: 0.1ms
[2023-06-12T10:53:20.934-0400][gc,heap       ] GC(3) Eden regions: 49->0(47)
[2023-06-12T10:53:20.934-0400][gc,heap       ] GC(3) Survivor regions: 2->4(7)
[2023-06-12T10:53:20.934-0400][gc,heap       ] GC(3) Old regions: 9->9
[2023-06-12T10:53:20.934-0400][gc,heap       ] GC(3) Humongous regions: 129->129
[2023-06-12T10:53:20.934-0400][gc,metaspace  ] GC(3) Metaspace: 29252K(30720K)->29252K(30720K) NonClass: 25765K(26624K)->25765K(26624K) Class: 3487K(4096K)->3487K(4096K)
[2023-06-12T10:53:20.934-0400][gc            ] GC(3) Pause Young (Normal) (G1 Evacuation Pause) 186M->139M(1024M) 2.538ms
[2023-06-12T10:53:20.934-0400][gc,cpu        ] GC(3) User=0.01s Sys=0.01s Real=0.01s
[2023-06-12T10:53:21.171-0400][gc,start      ] GC(4) Pause Young (Concurrent Start) (Metadata GC Threshold)
[2023-06-12T10:53:21.171-0400][gc,task       ] GC(4) Using 10 workers of 10 for evacuation
[2023-06-12T10:53:21.173-0400][gc,phases     ] GC(4)   Pre Evacuate Collection Set: 0.1ms
[2023-06-12T10:53:21.173-0400][gc,phases     ] GC(4)   Evacuate Collection Set: 1.7ms
[2023-06-12T10:53:21.173-0400][gc,phases     ] GC(4)   Post Evacuate Collection Set: 0.2ms
[2023-06-12T10:53:21.173-0400][gc,phases     ] GC(4)   Other: 0.2ms
[2023-06-12T10:53:21.173-0400][gc,heap       ] GC(4) Eden regions: 29->0(44)
[2023-06-12T10:53:21.173-0400][gc,heap       ] GC(4) Survivor regions: 4->7(7)
[2023-06-12T10:53:21.173-0400][gc,heap       ] GC(4) Old regions: 9->9
[2023-06-12T10:53:21.173-0400][gc,heap       ] GC(4) Humongous regions: 129->129
[2023-06-12T10:53:21.173-0400][gc,metaspace  ] GC(4) Metaspace: 34403K(35840K)->34403K(35840K) NonClass: 30398K(31232K)->30398K(31232K) Class: 4005K(4608K)->4005K(4608K)
[2023-06-12T10:53:21.173-0400][gc            ] GC(4) Pause Young (Concurrent Start) (Metadata GC Threshold) 167M->142M(1024M) 2.339ms
[2023-06-12T10:53:21.173-0400][gc,cpu        ] GC(4) User=0.02s Sys=0.00s Real=0.00s
[2023-06-12T10:53:21.174-0400][gc            ] GC(5) Concurrent Cycle
[2023-06-12T10:53:21.174-0400][gc,marking    ] GC(5) Concurrent Clear Claimed Marks
[2023-06-12T10:53:21.174-0400][gc,marking    ] GC(5) Concurrent Clear Claimed Marks 0.144ms
[2023-06-12T10:53:21.174-0400][gc,marking    ] GC(5) Concurrent Scan Root Regions
[2023-06-12T10:53:21.175-0400][gc,marking    ] GC(5) Concurrent Scan Root Regions 1.506ms
[2023-06-12T10:53:21.175-0400][gc,marking    ] GC(5) Concurrent Mark (1.517s)
[2023-06-12T10:53:21.175-0400][gc,marking    ] GC(5) Concurrent Mark From Roots
[2023-06-12T10:53:21.175-0400][gc,task       ] GC(5) Using 3 workers of 3 for marking
[2023-06-12T10:53:21.178-0400][gc,marking    ] GC(5) Concurrent Mark From Roots 2.948ms
[2023-06-12T10:53:21.178-0400][gc,marking    ] GC(5) Concurrent Preclean
[2023-06-12T10:53:21.178-0400][gc,marking    ] GC(5) Concurrent Preclean 0.088ms
[2023-06-12T10:53:21.178-0400][gc,marking    ] GC(5) Concurrent Mark (1.517s, 1.520s) 3.094ms
[2023-06-12T10:53:21.179-0400][gc,start      ] GC(5) Pause Remark
[2023-06-12T10:53:21.180-0400][gc,stringtable] GC(5) Cleaned string and symbol table, strings: 9738 processed, 12 removed, symbols: 85144 processed, 11 removed
[2023-06-12T10:53:21.181-0400][gc            ] GC(5) Pause Remark 143M->143M(1024M) 2.188ms
[2023-06-12T10:53:21.181-0400][gc,cpu        ] GC(5) User=0.02s Sys=0.00s Real=0.00s
[2023-06-12T10:53:21.181-0400][gc,marking    ] GC(5) Concurrent Rebuild Remembered Sets
[2023-06-12T10:53:21.183-0400][gc,marking    ] GC(5) Concurrent Rebuild Remembered Sets 1.771ms
[2023-06-12T10:53:21.183-0400][gc,start      ] GC(5) Pause Cleanup
[2023-06-12T10:53:21.183-0400][gc            ] GC(5) Pause Cleanup 143M->143M(1024M) 0.167ms
[2023-06-12T10:53:21.183-0400][gc,cpu        ] GC(5) User=0.01s Sys=0.00s Real=0.00s
[2023-06-12T10:53:21.183-0400][gc,marking    ] GC(5) Concurrent Cleanup for Next Mark
[2023-06-12T10:53:21.186-0400][gc,marking    ] GC(5) Concurrent Cleanup for Next Mark 3.187ms
[2023-06-12T10:53:21.186-0400][gc            ] GC(5) Concurrent Cycle 12.803ms
[2023-06-12T10:56:06.745-0400][gc,start      ] GC(6) Pause Young (Normal) (G1 Evacuation Pause)
[2023-06-12T10:56:06.745-0400][gc,task       ] GC(6) Using 10 workers of 10 for evacuation
[2023-06-12T10:56:06.749-0400][gc,phases     ] GC(6)   Pre Evacuate Collection Set: 0.0ms
[2023-06-12T10:56:06.749-0400][gc,phases     ] GC(6)   Evacuate Collection Set: 3.3ms
[2023-06-12T10:56:06.749-0400][gc,phases     ] GC(6)   Post Evacuate Collection Set: 0.7ms
[2023-06-12T10:56:06.749-0400][gc,phases     ] GC(6)   Other: 0.2ms
[2023-06-12T10:56:06.749-0400][gc,heap       ] GC(6) Eden regions: 44->0(46)
[2023-06-12T10:56:06.749-0400][gc,heap       ] GC(6) Survivor regions: 7->5(7)
[2023-06-12T10:56:06.749-0400][gc,heap       ] GC(6) Old regions: 9->12
[2023-06-12T10:56:06.749-0400][gc,heap       ] GC(6) Humongous regions: 135->129
[2023-06-12T10:56:06.749-0400][gc,metaspace  ] GC(6) Metaspace: 40586K(42956K)->40586K(42956K) NonClass: 35559K(36864K)->35559K(36864K) Class: 5027K(6092K)->5027K(6092K)
[2023-06-12T10:56:06.749-0400][gc            ] GC(6) Pause Young (Normal) (G1 Evacuation Pause) 192M->144M(1024M) 4.313ms
[2023-06-12T10:56:06.749-0400][gc,cpu        ] GC(6) User=0.03s Sys=0.01s Real=0.00s
[2023-06-12T10:56:07.296-0400][gc,heap,exit  ] Heap
[2023-06-12T10:56:07.296-0400][gc,heap,exit  ]  garbage-first heap   total 1048576K, used 152636K [0x00000000c0000000, 0x0000000100000000)
[2023-06-12T10:56:07.296-0400][gc,heap,exit  ]   region size 1024K, 11 young (11264K), 5 survivors (5120K)
[2023-06-12T10:56:07.296-0400][gc,heap,exit  ]  Metaspace       used 40982K, capacity 43228K, committed 43340K, reserved 1087488K
[2023-06-12T10:56:07.296-0400][gc,heap,exit  ]   class space    used 5128K, capacity 6214K, committed 6220K, reserved 1048576K
