[2023-06-12T09:23:34.305-0400][gc,heap] Heap region size: 1M
[2023-06-12T09:23:34.312-0400][gc     ] Using G1
[2023-06-12T09:23:34.312-0400][gc,heap,coops] Heap address: 0x00000000c0000000, size: 1024 MB, Compressed Oops mode: 32-bit
[2023-06-12T09:23:34.312-0400][gc,cds       ] Mark closed archive regions in map: [0x00000000fff00000, 0x00000000fff6aff8]
[2023-06-12T09:23:34.312-0400][gc,cds       ] Mark open archive regions in map: [0x00000000ffe00000, 0x00000000ffe46ff8]
[2023-06-12T09:23:34.775-0400][gc,start     ] GC(0) Pause Young (Normal) (G1 Evacuation Pause)
[2023-06-12T09:23:34.776-0400][gc,task      ] GC(0) Using 10 workers of 10 for evacuation
[2023-06-12T09:23:34.783-0400][gc,phases    ] GC(0)   Pre Evacuate Collection Set: 0.0ms
[2023-06-12T09:23:34.783-0400][gc,phases    ] GC(0)   Evacuate Collection Set: 6.3ms
[2023-06-12T09:23:34.783-0400][gc,phases    ] GC(0)   Post Evacuate Collection Set: 0.4ms
[2023-06-12T09:23:34.783-0400][gc,phases    ] GC(0)   Other: 1.1ms
[2023-06-12T09:23:34.783-0400][gc,heap      ] GC(0) Eden regions: 51->0(44)
[2023-06-12T09:23:34.783-0400][gc,heap      ] GC(0) Survivor regions: 0->7(7)
[2023-06-12T09:23:34.783-0400][gc,heap      ] GC(0) Old regions: 2->2
[2023-06-12T09:23:34.783-0400][gc,heap      ] GC(0) Humongous regions: 0->0
[2023-06-12T09:23:34.783-0400][gc,metaspace ] GC(0) Metaspace: 14228K(14848K)->14228K(14848K) NonClass: 12480K(12800K)->12480K(12800K) Class: 1748K(2048K)->1748K(2048K)
[2023-06-12T09:23:34.783-0400][gc           ] GC(0) Pause Young (Normal) (G1 Evacuation Pause) 51M->7M(1024M) 7.892ms
[2023-06-12T09:23:34.783-0400][gc,cpu       ] GC(0) User=0.05s Sys=0.00s Real=0.01s
[2023-06-12T09:23:35.064-0400][gc,start     ] GC(1) Pause Young (Concurrent Start) (Metadata GC Threshold)
[2023-06-12T09:23:35.064-0400][gc,task      ] GC(1) Using 10 workers of 10 for evacuation
[2023-06-12T09:23:35.070-0400][gc,phases    ] GC(1)   Pre Evacuate Collection Set: 0.1ms
[2023-06-12T09:23:35.070-0400][gc,phases    ] GC(1)   Evacuate Collection Set: 5.4ms
[2023-06-12T09:23:35.070-0400][gc,phases    ] GC(1)   Post Evacuate Collection Set: 0.2ms
[2023-06-12T09:23:35.070-0400][gc,phases    ] GC(1)   Other: 0.2ms
[2023-06-12T09:23:35.070-0400][gc,heap      ] GC(1) Eden regions: 29->0(49)
[2023-06-12T09:23:35.070-0400][gc,heap      ] GC(1) Survivor regions: 7->2(7)
[2023-06-12T09:23:35.070-0400][gc,heap      ] GC(1) Old regions: 2->9
[2023-06-12T09:23:35.070-0400][gc,heap      ] GC(1) Humongous regions: 0->0
[2023-06-12T09:23:35.070-0400][gc,metaspace ] GC(1) Metaspace: 20519K(21248K)->20519K(21248K) NonClass: 18037K(18432K)->18037K(18432K) Class: 2481K(2816K)->2481K(2816K)
[2023-06-12T09:23:35.070-0400][gc           ] GC(1) Pause Young (Concurrent Start) (Metadata GC Threshold) 36M->8M(1024M) 5.982ms
[2023-06-12T09:23:35.070-0400][gc,cpu       ] GC(1) User=0.03s Sys=0.00s Real=0.01s
[2023-06-12T09:23:35.070-0400][gc           ] GC(2) Concurrent Cycle
[2023-06-12T09:23:35.070-0400][gc,marking   ] GC(2) Concurrent Clear Claimed Marks
[2023-06-12T09:23:35.070-0400][gc,marking   ] GC(2) Concurrent Clear Claimed Marks 0.043ms
[2023-06-12T09:23:35.070-0400][gc,marking   ] GC(2) Concurrent Scan Root Regions
[2023-06-12T09:23:35.071-0400][gc,marking   ] GC(2) Concurrent Scan Root Regions 0.598ms
[2023-06-12T09:23:35.071-0400][gc,marking   ] GC(2) Concurrent Mark (0.768s)
[2023-06-12T09:23:35.071-0400][gc,marking   ] GC(2) Concurrent Mark From Roots
[2023-06-12T09:23:35.071-0400][gc,task      ] GC(2) Using 3 workers of 3 for marking
[2023-06-12T09:23:35.074-0400][gc,marking   ] GC(2) Concurrent Mark From Roots 2.639ms
[2023-06-12T09:23:35.074-0400][gc,marking   ] GC(2) Concurrent Preclean
[2023-06-12T09:23:35.074-0400][gc,marking   ] GC(2) Concurrent Preclean 0.049ms
[2023-06-12T09:23:35.074-0400][gc,marking   ] GC(2) Concurrent Mark (0.768s, 0.771s) 2.725ms
[2023-06-12T09:23:35.074-0400][gc,start     ] GC(2) Pause Remark
[2023-06-12T09:23:35.076-0400][gc,stringtable] GC(2) Cleaned string and symbol table, strings: 5138 processed, 0 removed, symbols: 52715 processed, 43 removed
[2023-06-12T09:23:35.076-0400][gc            ] GC(2) Pause Remark 9M->9M(1024M) 2.208ms
[2023-06-12T09:23:35.076-0400][gc,cpu        ] GC(2) User=0.02s Sys=0.00s Real=0.00s
[2023-06-12T09:23:35.076-0400][gc,marking    ] GC(2) Concurrent Rebuild Remembered Sets
[2023-06-12T09:23:35.078-0400][gc,marking    ] GC(2) Concurrent Rebuild Remembered Sets 1.988ms
[2023-06-12T09:23:35.081-0400][gc,start      ] GC(2) Pause Cleanup
[2023-06-12T09:23:35.081-0400][gc            ] GC(2) Pause Cleanup 9M->9M(1024M) 0.174ms
[2023-06-12T09:23:35.081-0400][gc,cpu        ] GC(2) User=0.00s Sys=0.00s Real=0.00s
[2023-06-12T09:23:35.081-0400][gc,marking    ] GC(2) Concurrent Cleanup for Next Mark
[2023-06-12T09:23:35.083-0400][gc,marking    ] GC(2) Concurrent Cleanup for Next Mark 2.305ms
[2023-06-12T09:23:35.083-0400][gc            ] GC(2) Concurrent Cycle 12.932ms
[2023-06-12T09:23:35.446-0400][gc,start      ] GC(3) Pause Young (Normal) (G1 Evacuation Pause)
[2023-06-12T09:23:35.446-0400][gc,task       ] GC(3) Using 10 workers of 10 for evacuation
[2023-06-12T09:23:35.448-0400][gc,phases     ] GC(3)   Pre Evacuate Collection Set: 0.0ms
[2023-06-12T09:23:35.448-0400][gc,phases     ] GC(3)   Evacuate Collection Set: 1.3ms
[2023-06-12T09:23:35.448-0400][gc,phases     ] GC(3)   Post Evacuate Collection Set: 0.3ms
[2023-06-12T09:23:35.448-0400][gc,phases     ] GC(3)   Other: 0.2ms
[2023-06-12T09:23:35.448-0400][gc,heap       ] GC(3) Eden regions: 49->0(46)
[2023-06-12T09:23:35.448-0400][gc,heap       ] GC(3) Survivor regions: 2->5(7)
[2023-06-12T09:23:35.448-0400][gc,heap       ] GC(3) Old regions: 9->9
[2023-06-12T09:23:35.448-0400][gc,heap       ] GC(3) Humongous regions: 129->129
[2023-06-12T09:23:35.448-0400][gc,metaspace  ] GC(3) Metaspace: 28750K(29952K)->28750K(29952K) NonClass: 25396K(26112K)->25396K(26112K) Class: 3353K(3840K)->3353K(3840K)
[2023-06-12T09:23:35.448-0400][gc            ] GC(3) Pause Young (Normal) (G1 Evacuation Pause) 186M->140M(1024M) 1.868ms
[2023-06-12T09:23:35.448-0400][gc,cpu        ] GC(3) User=0.01s Sys=0.00s Real=0.00s
[2023-06-12T09:23:41.247-0400][gc,start      ] GC(4) Pause Young (Concurrent Start) (Metadata GC Threshold)
[2023-06-12T09:23:41.247-0400][gc,task       ] GC(4) Using 10 workers of 10 for evacuation
[2023-06-12T09:23:41.259-0400][gc,phases     ] GC(4)   Pre Evacuate Collection Set: 0.3ms
[2023-06-12T09:23:41.259-0400][gc,phases     ] GC(4)   Evacuate Collection Set: 10.3ms
[2023-06-12T09:23:41.259-0400][gc,phases     ] GC(4)   Post Evacuate Collection Set: 0.9ms
[2023-06-12T09:23:41.259-0400][gc,phases     ] GC(4)   Other: 0.6ms
[2023-06-12T09:23:41.259-0400][gc,heap       ] GC(4) Eden regions: 33->0(49)
[2023-06-12T09:23:41.259-0400][gc,heap       ] GC(4) Survivor regions: 5->2(7)
[2023-06-12T09:23:41.259-0400][gc,heap       ] GC(4) Old regions: 9->14
[2023-06-12T09:23:41.259-0400][gc,heap       ] GC(4) Humongous regions: 129->129
[2023-06-12T09:23:41.259-0400][gc,metaspace  ] GC(4) Metaspace: 34522K(35840K)->34522K(35840K) NonClass: 30509K(31232K)->30509K(31232K) Class: 4013K(4608K)->4013K(4608K)
[2023-06-12T09:23:41.259-0400][gc            ] GC(4) Pause Young (Concurrent Start) (Metadata GC Threshold) 172M->142M(1024M) 12.075ms
[2023-06-12T09:23:41.259-0400][gc,cpu        ] GC(4) User=0.07s Sys=0.01s Real=0.01s
[2023-06-12T09:23:41.259-0400][gc            ] GC(5) Concurrent Cycle
[2023-06-12T09:23:41.259-0400][gc,marking    ] GC(5) Concurrent Clear Claimed Marks
[2023-06-12T09:23:41.259-0400][gc,marking    ] GC(5) Concurrent Clear Claimed Marks 0.137ms
[2023-06-12T09:23:41.259-0400][gc,marking    ] GC(5) Concurrent Scan Root Regions
[2023-06-12T09:23:41.261-0400][gc,marking    ] GC(5) Concurrent Scan Root Regions 1.712ms
[2023-06-12T09:23:41.261-0400][gc,marking    ] GC(5) Concurrent Mark (6.958s)
[2023-06-12T09:23:41.261-0400][gc,marking    ] GC(5) Concurrent Mark From Roots
[2023-06-12T09:23:41.261-0400][gc,task       ] GC(5) Using 3 workers of 3 for marking
[2023-06-12T09:23:41.267-0400][gc,marking    ] GC(5) Concurrent Mark From Roots 6.023ms
[2023-06-12T09:23:41.267-0400][gc,marking    ] GC(5) Concurrent Preclean
[2023-06-12T09:23:41.267-0400][gc,marking    ] GC(5) Concurrent Preclean 0.080ms
[2023-06-12T09:23:41.267-0400][gc,marking    ] GC(5) Concurrent Mark (6.958s, 6.964s) 6.158ms
[2023-06-12T09:23:41.267-0400][gc,start      ] GC(5) Pause Remark
[2023-06-12T09:23:41.269-0400][gc,stringtable] GC(5) Cleaned string and symbol table, strings: 9728 processed, 13 removed, symbols: 84231 processed, 15 removed
[2023-06-12T09:23:41.269-0400][gc            ] GC(5) Pause Remark 142M->142M(1024M) 1.900ms
[2023-06-12T09:23:41.269-0400][gc,cpu        ] GC(5) User=0.01s Sys=0.00s Real=0.00s
[2023-06-12T09:23:41.269-0400][gc,marking    ] GC(5) Concurrent Rebuild Remembered Sets
[2023-06-12T09:23:41.272-0400][gc,marking    ] GC(5) Concurrent Rebuild Remembered Sets 2.900ms
[2023-06-12T09:23:41.272-0400][gc,start      ] GC(5) Pause Cleanup
[2023-06-12T09:23:41.272-0400][gc            ] GC(5) Pause Cleanup 142M->142M(1024M) 0.129ms
[2023-06-12T09:23:41.272-0400][gc,cpu        ] GC(5) User=0.00s Sys=0.00s Real=0.00s
[2023-06-12T09:23:41.272-0400][gc,marking    ] GC(5) Concurrent Cleanup for Next Mark
[2023-06-12T09:23:41.275-0400][gc,marking    ] GC(5) Concurrent Cleanup for Next Mark 2.006ms
[2023-06-12T09:23:41.275-0400][gc            ] GC(5) Concurrent Cycle 15.578ms
[2023-06-12T10:32:21.602-0400][gc,start      ] GC(6) Pause Young (Normal) (G1 Evacuation Pause)
[2023-06-12T10:32:21.602-0400][gc,task       ] GC(6) Using 10 workers of 10 for evacuation
[2023-06-12T10:32:21.607-0400][gc,phases     ] GC(6)   Pre Evacuate Collection Set: 0.1ms
[2023-06-12T10:32:21.608-0400][gc,phases     ] GC(6)   Evacuate Collection Set: 3.8ms
[2023-06-12T10:32:21.608-0400][gc,phases     ] GC(6)   Post Evacuate Collection Set: 1.1ms
[2023-06-12T10:32:21.608-0400][gc,phases     ] GC(6)   Other: 0.6ms
[2023-06-12T10:32:21.608-0400][gc,heap       ] GC(6) Eden regions: 49->0(48)
[2023-06-12T10:32:21.608-0400][gc,heap       ] GC(6) Survivor regions: 2->3(7)
[2023-06-12T10:32:21.608-0400][gc,heap       ] GC(6) Old regions: 14->14
[2023-06-12T10:32:21.608-0400][gc,heap       ] GC(6) Humongous regions: 129->129
[2023-06-12T10:32:21.608-0400][gc,metaspace  ] GC(6) Metaspace: 37646K(39424K)->37646K(39424K) NonClass: 33169K(34048K)->33169K(34048K) Class: 4477K(5376K)->4477K(5376K)
[2023-06-12T10:32:21.608-0400][gc            ] GC(6) Pause Young (Normal) (G1 Evacuation Pause) 191M->142M(1024M) 5.702ms
[2023-06-12T10:32:21.608-0400][gc,cpu        ] GC(6) User=0.04s Sys=0.00s Real=0.00s
[2023-06-12T10:40:19.635-0400][gc,heap,exit  ] Heap
[2023-06-12T10:40:19.635-0400][gc,heap,exit  ]  garbage-first heap   total 1048576K, used 162578K [0x00000000c0000000, 0x0000000100000000)
[2023-06-12T10:40:19.635-0400][gc,heap,exit  ]   region size 1024K, 20 young (20480K), 3 survivors (3072K)
[2023-06-12T10:40:19.635-0400][gc,heap,exit  ]  Metaspace       used 38705K, capacity 40603K, committed 40832K, reserved 1085440K
[2023-06-12T10:40:19.636-0400][gc,heap,exit  ]   class space    used 4734K, capacity 5644K, committed 5760K, reserved 1048576K
