[2023-06-12T10:40:47.194-0400][gc,heap] Heap region size: 1M
[2023-06-12T10:40:47.199-0400][gc     ] Using G1
[2023-06-12T10:40:47.199-0400][gc,heap,coops] Heap address: 0x00000000c0000000, size: 1024 MB, Compressed Oops mode: 32-bit
[2023-06-12T10:40:47.199-0400][gc,cds       ] Mark closed archive regions in map: [0x00000000fff00000, 0x00000000fff6aff8]
[2023-06-12T10:40:47.199-0400][gc,cds       ] Mark open archive regions in map: [0x00000000ffe00000, 0x00000000ffe46ff8]
[2023-06-12T10:40:47.643-0400][gc,start     ] GC(0) Pause Young (Normal) (G1 Evacuation Pause)
[2023-06-12T10:40:47.644-0400][gc,task      ] GC(0) Using 10 workers of 10 for evacuation
[2023-06-12T10:40:47.649-0400][gc,phases    ] GC(0)   Pre Evacuate Collection Set: 0.0ms
[2023-06-12T10:40:47.649-0400][gc,phases    ] GC(0)   Evacuate Collection Set: 5.4ms
[2023-06-12T10:40:47.649-0400][gc,phases    ] GC(0)   Post Evacuate Collection Set: 0.3ms
[2023-06-12T10:40:47.649-0400][gc,phases    ] GC(0)   Other: 0.3ms
[2023-06-12T10:40:47.649-0400][gc,heap      ] GC(0) Eden regions: 51->0(44)
[2023-06-12T10:40:47.649-0400][gc,heap      ] GC(0) Survivor regions: 0->7(7)
[2023-06-12T10:40:47.649-0400][gc,heap      ] GC(0) Old regions: 2->2
[2023-06-12T10:40:47.650-0400][gc,heap      ] GC(0) Humongous regions: 0->0
[2023-06-12T10:40:47.650-0400][gc,metaspace ] GC(0) Metaspace: 14223K(15104K)->14223K(15104K) NonClass: 12474K(13056K)->12474K(13056K) Class: 1748K(2048K)->1748K(2048K)
[2023-06-12T10:40:47.650-0400][gc           ] GC(0) Pause Young (Normal) (G1 Evacuation Pause) 51M->7M(1024M) 6.048ms
[2023-06-12T10:40:47.650-0400][gc,cpu       ] GC(0) User=0.05s Sys=0.00s Real=0.00s
[2023-06-12T10:40:47.880-0400][gc,start     ] GC(1) Pause Young (Concurrent Start) (Metadata GC Threshold)
[2023-06-12T10:40:47.880-0400][gc,task      ] GC(1) Using 10 workers of 10 for evacuation
[2023-06-12T10:40:47.885-0400][gc,phases    ] GC(1)   Pre Evacuate Collection Set: 0.1ms
[2023-06-12T10:40:47.885-0400][gc,phases    ] GC(1)   Evacuate Collection Set: 4.9ms
[2023-06-12T10:40:47.885-0400][gc,phases    ] GC(1)   Post Evacuate Collection Set: 0.3ms
[2023-06-12T10:40:47.885-0400][gc,phases    ] GC(1)   Other: 0.2ms
[2023-06-12T10:40:47.885-0400][gc,heap      ] GC(1) Eden regions: 29->0(49)
[2023-06-12T10:40:47.885-0400][gc,heap      ] GC(1) Survivor regions: 7->2(7)
[2023-06-12T10:40:47.885-0400][gc,heap      ] GC(1) Old regions: 2->9
[2023-06-12T10:40:47.885-0400][gc,heap      ] GC(1) Humongous regions: 0->0
[2023-06-12T10:40:47.885-0400][gc,metaspace ] GC(1) Metaspace: 20504K(21248K)->20504K(21248K) NonClass: 18023K(18432K)->18023K(18432K) Class: 2481K(2816K)->2481K(2816K)
[2023-06-12T10:40:47.885-0400][gc           ] GC(1) Pause Young (Concurrent Start) (Metadata GC Threshold) 35M->8M(1024M) 5.550ms
[2023-06-12T10:40:47.885-0400][gc,cpu       ] GC(1) User=0.03s Sys=0.00s Real=0.01s
[2023-06-12T10:40:47.885-0400][gc           ] GC(2) Concurrent Cycle
[2023-06-12T10:40:47.885-0400][gc,marking   ] GC(2) Concurrent Clear Claimed Marks
[2023-06-12T10:40:47.885-0400][gc,marking   ] GC(2) Concurrent Clear Claimed Marks 0.046ms
[2023-06-12T10:40:47.885-0400][gc,marking   ] GC(2) Concurrent Scan Root Regions
[2023-06-12T10:40:47.886-0400][gc,marking   ] GC(2) Concurrent Scan Root Regions 0.595ms
[2023-06-12T10:40:47.886-0400][gc,marking   ] GC(2) Concurrent Mark (0.694s)
[2023-06-12T10:40:47.886-0400][gc,marking   ] GC(2) Concurrent Mark From Roots
[2023-06-12T10:40:47.886-0400][gc,task      ] GC(2) Using 3 workers of 3 for marking
[2023-06-12T10:40:47.888-0400][gc,marking   ] GC(2) Concurrent Mark From Roots 2.637ms
[2023-06-12T10:40:47.889-0400][gc,marking   ] GC(2) Concurrent Preclean
[2023-06-12T10:40:47.889-0400][gc,marking   ] GC(2) Concurrent Preclean 0.055ms
[2023-06-12T10:40:47.889-0400][gc,marking   ] GC(2) Concurrent Mark (0.694s, 0.697s) 2.735ms
[2023-06-12T10:40:47.889-0400][gc,start     ] GC(2) Pause Remark
[2023-06-12T10:40:47.894-0400][gc,stringtable] GC(2) Cleaned string and symbol table, strings: 5139 processed, 0 removed, symbols: 52714 processed, 43 removed
[2023-06-12T10:40:47.894-0400][gc            ] GC(2) Pause Remark 8M->8M(1024M) 5.756ms
[2023-06-12T10:40:47.894-0400][gc,cpu        ] GC(2) User=0.04s Sys=0.00s Real=0.01s
[2023-06-12T10:40:47.895-0400][gc,marking    ] GC(2) Concurrent Rebuild Remembered Sets
[2023-06-12T10:40:47.896-0400][gc,marking    ] GC(2) Concurrent Rebuild Remembered Sets 1.687ms
[2023-06-12T10:40:47.896-0400][gc,start      ] GC(2) Pause Cleanup
[2023-06-12T10:40:47.896-0400][gc            ] GC(2) Pause Cleanup 8M->8M(1024M) 0.158ms
[2023-06-12T10:40:47.896-0400][gc,cpu        ] GC(2) User=0.00s Sys=0.00s Real=0.00s
[2023-06-12T10:40:47.896-0400][gc,marking    ] GC(2) Concurrent Cleanup for Next Mark
[2023-06-12T10:40:47.899-0400][gc,marking    ] GC(2) Concurrent Cleanup for Next Mark 2.165ms
[2023-06-12T10:40:47.899-0400][gc            ] GC(2) Concurrent Cycle 13.541ms
[2023-06-12T10:40:48.229-0400][gc,start      ] GC(3) Pause Young (Normal) (G1 Evacuation Pause)
[2023-06-12T10:40:48.229-0400][gc,task       ] GC(3) Using 10 workers of 10 for evacuation
[2023-06-12T10:40:48.232-0400][gc,phases     ] GC(3)   Pre Evacuate Collection Set: 0.0ms
[2023-06-12T10:40:48.232-0400][gc,phases     ] GC(3)   Evacuate Collection Set: 2.0ms
[2023-06-12T10:40:48.232-0400][gc,phases     ] GC(3)   Post Evacuate Collection Set: 0.3ms
[2023-06-12T10:40:48.232-0400][gc,phases     ] GC(3)   Other: 0.1ms
[2023-06-12T10:40:48.232-0400][gc,heap       ] GC(3) Eden regions: 49->0(46)
[2023-06-12T10:40:48.232-0400][gc,heap       ] GC(3) Survivor regions: 2->5(7)
[2023-06-12T10:40:48.232-0400][gc,heap       ] GC(3) Old regions: 9->9
[2023-06-12T10:40:48.232-0400][gc,heap       ] GC(3) Humongous regions: 129->129
[2023-06-12T10:40:48.232-0400][gc,metaspace  ] GC(3) Metaspace: 29288K(30720K)->29288K(30720K) NonClass: 25811K(26624K)->25811K(26624K) Class: 3477K(4096K)->3477K(4096K)
[2023-06-12T10:40:48.232-0400][gc            ] GC(3) Pause Young (Normal) (G1 Evacuation Pause) 186M->140M(1024M) 2.529ms
[2023-06-12T10:40:48.232-0400][gc,cpu        ] GC(3) User=0.02s Sys=0.00s Real=0.00s
[2023-06-12T10:40:48.408-0400][gc,start      ] GC(4) Pause Young (Concurrent Start) (Metadata GC Threshold)
[2023-06-12T10:40:48.409-0400][gc,task       ] GC(4) Using 10 workers of 10 for evacuation
[2023-06-12T10:40:48.412-0400][gc,phases     ] GC(4)   Pre Evacuate Collection Set: 0.1ms
[2023-06-12T10:40:48.412-0400][gc,phases     ] GC(4)   Evacuate Collection Set: 3.1ms
[2023-06-12T10:40:48.412-0400][gc,phases     ] GC(4)   Post Evacuate Collection Set: 0.2ms
[2023-06-12T10:40:48.412-0400][gc,phases     ] GC(4)   Other: 0.2ms
[2023-06-12T10:40:48.412-0400][gc,heap       ] GC(4) Eden regions: 27->0(45)
[2023-06-12T10:40:48.412-0400][gc,heap       ] GC(4) Survivor regions: 5->6(7)
[2023-06-12T10:40:48.412-0400][gc,heap       ] GC(4) Old regions: 9->10
[2023-06-12T10:40:48.412-0400][gc,heap       ] GC(4) Humongous regions: 129->129
[2023-06-12T10:40:48.412-0400][gc,metaspace  ] GC(4) Metaspace: 34430K(35840K)->34430K(35840K) NonClass: 30465K(31232K)->30465K(31232K) Class: 3964K(4608K)->3964K(4608K)
[2023-06-12T10:40:48.412-0400][gc            ] GC(4) Pause Young (Concurrent Start) (Metadata GC Threshold) 166M->142M(1024M) 3.692ms
[2023-06-12T10:40:48.412-0400][gc,cpu        ] GC(4) User=0.03s Sys=0.00s Real=0.00s
[2023-06-12T10:40:48.412-0400][gc            ] GC(5) Concurrent Cycle
[2023-06-12T10:40:48.412-0400][gc,marking    ] GC(5) Concurrent Clear Claimed Marks
[2023-06-12T10:40:48.412-0400][gc,marking    ] GC(5) Concurrent Clear Claimed Marks 0.113ms
[2023-06-12T10:40:48.412-0400][gc,marking    ] GC(5) Concurrent Scan Root Regions
[2023-06-12T10:40:48.413-0400][gc,marking    ] GC(5) Concurrent Scan Root Regions 0.996ms
[2023-06-12T10:40:48.413-0400][gc,marking    ] GC(5) Concurrent Mark (1.221s)
[2023-06-12T10:40:48.413-0400][gc,marking    ] GC(5) Concurrent Mark From Roots
[2023-06-12T10:40:48.413-0400][gc,task       ] GC(5) Using 3 workers of 3 for marking
[2023-06-12T10:40:48.416-0400][gc,marking    ] GC(5) Concurrent Mark From Roots 2.673ms
[2023-06-12T10:40:48.416-0400][gc,marking    ] GC(5) Concurrent Preclean
[2023-06-12T10:40:48.416-0400][gc,marking    ] GC(5) Concurrent Preclean 0.092ms
[2023-06-12T10:40:48.416-0400][gc,marking    ] GC(5) Concurrent Mark (1.221s, 1.224s) 2.820ms
[2023-06-12T10:40:48.416-0400][gc,start      ] GC(5) Pause Remark
[2023-06-12T10:40:48.418-0400][gc,stringtable] GC(5) Cleaned string and symbol table, strings: 9643 processed, 12 removed, symbols: 85660 processed, 16 removed
[2023-06-12T10:40:48.418-0400][gc            ] GC(5) Pause Remark 143M->143M(1024M) 1.592ms
[2023-06-12T10:40:48.418-0400][gc,cpu        ] GC(5) User=0.02s Sys=0.00s Real=0.00s
[2023-06-12T10:40:48.418-0400][gc,marking    ] GC(5) Concurrent Rebuild Remembered Sets
[2023-06-12T10:40:48.420-0400][gc,marking    ] GC(5) Concurrent Rebuild Remembered Sets 2.130ms
[2023-06-12T10:40:48.420-0400][gc,start      ] GC(5) Pause Cleanup
[2023-06-12T10:40:48.421-0400][gc            ] GC(5) Pause Cleanup 143M->143M(1024M) 0.189ms
[2023-06-12T10:40:48.421-0400][gc,cpu        ] GC(5) User=0.01s Sys=0.00s Real=0.00s
[2023-06-12T10:40:48.421-0400][gc,marking    ] GC(5) Concurrent Cleanup for Next Mark
[2023-06-12T10:40:48.423-0400][gc,marking    ] GC(5) Concurrent Cleanup for Next Mark 2.631ms
[2023-06-12T10:40:48.423-0400][gc            ] GC(5) Concurrent Cycle 11.040ms
[2023-06-12T10:50:33.264-0400][gc,start      ] GC(6) Pause Young (Normal) (G1 Evacuation Pause)
[2023-06-12T10:50:33.264-0400][gc,task       ] GC(6) Using 10 workers of 10 for evacuation
[2023-06-12T10:50:33.278-0400][gc,phases     ] GC(6)   Pre Evacuate Collection Set: 0.1ms
[2023-06-12T10:50:33.278-0400][gc,phases     ] GC(6)   Evacuate Collection Set: 11.9ms
[2023-06-12T10:50:33.278-0400][gc,phases     ] GC(6)   Post Evacuate Collection Set: 1.6ms
[2023-06-12T10:50:33.278-0400][gc,phases     ] GC(6)   Other: 0.5ms
[2023-06-12T10:50:33.278-0400][gc,heap       ] GC(6) Eden regions: 45->0(46)
[2023-06-12T10:50:33.278-0400][gc,heap       ] GC(6) Survivor regions: 6->5(7)
[2023-06-12T10:50:33.278-0400][gc,heap       ] GC(6) Old regions: 10->13
[2023-06-12T10:50:33.278-0400][gc,heap       ] GC(6) Humongous regions: 129->129
[2023-06-12T10:50:33.278-0400][gc,metaspace  ] GC(6) Metaspace: 40893K(43264K)->40893K(43264K) NonClass: 35649K(36864K)->35649K(36864K) Class: 5244K(6400K)->5244K(6400K)
[2023-06-12T10:50:33.278-0400][gc            ] GC(6) Pause Young (Normal) (G1 Evacuation Pause) 187M->144M(1024M) 14.086ms
[2023-06-12T10:50:33.278-0400][gc,cpu        ] GC(6) User=0.10s Sys=0.01s Real=0.01s
[2023-06-12T10:51:05.212-0400][gc,heap,exit  ] Heap
[2023-06-12T10:51:05.212-0400][gc,heap,exit  ]  garbage-first heap   total 1048576K, used 160174K [0x00000000c0000000, 0x0000000100000000)
[2023-06-12T10:51:05.212-0400][gc,heap,exit  ]   region size 1024K, 18 young (18432K), 5 survivors (5120K)
[2023-06-12T10:51:05.212-0400][gc,heap,exit  ]  Metaspace       used 41999K, capacity 44506K, committed 44672K, reserved 1087488K
[2023-06-12T10:51:05.212-0400][gc,heap,exit  ]   class space    used 5488K, capacity 6716K, committed 6784K, reserved 1048576K
