[2023-06-12T10:40:50.771-0400][gc,heap] Heap region size: 1M
[2023-06-12T10:40:50.775-0400][gc     ] Using G1
[2023-06-12T10:40:50.775-0400][gc,heap,coops] Heap address: 0x00000000c0000000, size: 1024 MB, Compressed Oops mode: 32-bit
[2023-06-12T10:40:50.775-0400][gc,cds       ] Mark closed archive regions in map: [0x00000000fff00000, 0x00000000fff6aff8]
[2023-06-12T10:40:50.775-0400][gc,cds       ] Mark open archive regions in map: [0x00000000ffe00000, 0x00000000ffe46ff8]
[2023-06-12T10:40:51.175-0400][gc,start     ] GC(0) Pause Young (Normal) (GCLocker Initiated GC)
[2023-06-12T10:40:51.175-0400][gc,task      ] GC(0) Using 10 workers of 10 for evacuation
[2023-06-12T10:40:51.178-0400][gc,phases    ] GC(0)   Pre Evacuate Collection Set: 0.0ms
[2023-06-12T10:40:51.178-0400][gc,phases    ] GC(0)   Evacuate Collection Set: 3.3ms
[2023-06-12T10:40:51.178-0400][gc,phases    ] GC(0)   Post Evacuate Collection Set: 0.3ms
[2023-06-12T10:40:51.179-0400][gc,phases    ] GC(0)   Other: 0.3ms
[2023-06-12T10:40:51.179-0400][gc,heap      ] GC(0) Eden regions: 51->0(44)
[2023-06-12T10:40:51.179-0400][gc,heap      ] GC(0) Survivor regions: 0->7(7)
[2023-06-12T10:40:51.179-0400][gc,heap      ] GC(0) Old regions: 2->2
[2023-06-12T10:40:51.179-0400][gc,heap      ] GC(0) Humongous regions: 0->0
[2023-06-12T10:40:51.179-0400][gc,metaspace ] GC(0) Metaspace: 14213K(15104K)->14213K(15104K) NonClass: 12464K(13056K)->12464K(13056K) Class: 1748K(2048K)->1748K(2048K)
[2023-06-12T10:40:51.179-0400][gc           ] GC(0) Pause Young (Normal) (GCLocker Initiated GC) 51M->7M(1024M) 3.961ms
[2023-06-12T10:40:51.179-0400][gc,cpu       ] GC(0) User=0.03s Sys=0.00s Real=0.00s
[2023-06-12T10:40:51.381-0400][gc,start     ] GC(1) Pause Young (Concurrent Start) (Metadata GC Threshold)
[2023-06-12T10:40:51.381-0400][gc,task      ] GC(1) Using 10 workers of 10 for evacuation
[2023-06-12T10:40:51.386-0400][gc,phases    ] GC(1)   Pre Evacuate Collection Set: 0.1ms
[2023-06-12T10:40:51.386-0400][gc,phases    ] GC(1)   Evacuate Collection Set: 4.2ms
[2023-06-12T10:40:51.386-0400][gc,phases    ] GC(1)   Post Evacuate Collection Set: 0.3ms
[2023-06-12T10:40:51.386-0400][gc,phases    ] GC(1)   Other: 0.2ms
[2023-06-12T10:40:51.386-0400][gc,heap      ] GC(1) Eden regions: 29->0(49)
[2023-06-12T10:40:51.386-0400][gc,heap      ] GC(1) Survivor regions: 7->2(7)
[2023-06-12T10:40:51.386-0400][gc,heap      ] GC(1) Old regions: 2->9
[2023-06-12T10:40:51.386-0400][gc,heap      ] GC(1) Humongous regions: 0->0
[2023-06-12T10:40:51.386-0400][gc,metaspace ] GC(1) Metaspace: 20566K(21248K)->20566K(21248K) NonClass: 18079K(18432K)->18079K(18432K) Class: 2487K(2816K)->2487K(2816K)
[2023-06-12T10:40:51.386-0400][gc           ] GC(1) Pause Young (Concurrent Start) (Metadata GC Threshold) 36M->8M(1024M) 4.833ms
[2023-06-12T10:40:51.386-0400][gc,cpu       ] GC(1) User=0.02s Sys=0.00s Real=0.01s
[2023-06-12T10:40:51.386-0400][gc           ] GC(2) Concurrent Cycle
[2023-06-12T10:40:51.386-0400][gc,marking   ] GC(2) Concurrent Clear Claimed Marks
[2023-06-12T10:40:51.386-0400][gc,marking   ] GC(2) Concurrent Clear Claimed Marks 0.045ms
[2023-06-12T10:40:51.386-0400][gc,marking   ] GC(2) Concurrent Scan Root Regions
[2023-06-12T10:40:51.387-0400][gc,marking   ] GC(2) Concurrent Scan Root Regions 0.756ms
[2023-06-12T10:40:51.387-0400][gc,marking   ] GC(2) Concurrent Mark (0.618s)
[2023-06-12T10:40:51.387-0400][gc,marking   ] GC(2) Concurrent Mark From Roots
[2023-06-12T10:40:51.387-0400][gc,task      ] GC(2) Using 3 workers of 3 for marking
[2023-06-12T10:40:51.389-0400][gc,marking   ] GC(2) Concurrent Mark From Roots 2.603ms
[2023-06-12T10:40:51.389-0400][gc,marking   ] GC(2) Concurrent Preclean
[2023-06-12T10:40:51.389-0400][gc,marking   ] GC(2) Concurrent Preclean 0.049ms
[2023-06-12T10:40:51.389-0400][gc,marking   ] GC(2) Concurrent Mark (0.618s, 0.621s) 2.676ms
[2023-06-12T10:40:51.389-0400][gc,start     ] GC(2) Pause Remark
[2023-06-12T10:40:51.391-0400][gc,stringtable] GC(2) Cleaned string and symbol table, strings: 5141 processed, 0 removed, symbols: 52768 processed, 43 removed
[2023-06-12T10:40:51.391-0400][gc            ] GC(2) Pause Remark 8M->8M(1024M) 1.577ms
[2023-06-12T10:40:51.391-0400][gc,cpu        ] GC(2) User=0.01s Sys=0.00s Real=0.00s
[2023-06-12T10:40:51.391-0400][gc,marking    ] GC(2) Concurrent Rebuild Remembered Sets
[2023-06-12T10:40:51.393-0400][gc,marking    ] GC(2) Concurrent Rebuild Remembered Sets 1.688ms
[2023-06-12T10:40:51.393-0400][gc,start      ] GC(2) Pause Cleanup
[2023-06-12T10:40:51.393-0400][gc            ] GC(2) Pause Cleanup 8M->8M(1024M) 0.176ms
[2023-06-12T10:40:51.393-0400][gc,cpu        ] GC(2) User=0.00s Sys=0.00s Real=0.00s
[2023-06-12T10:40:51.393-0400][gc,marking    ] GC(2) Concurrent Cleanup for Next Mark
[2023-06-12T10:40:51.395-0400][gc,marking    ] GC(2) Concurrent Cleanup for Next Mark 2.281ms
[2023-06-12T10:40:51.395-0400][gc            ] GC(2) Concurrent Cycle 9.596ms
[2023-06-12T10:40:51.730-0400][gc,start      ] GC(3) Pause Young (Normal) (G1 Evacuation Pause)
[2023-06-12T10:40:51.730-0400][gc,task       ] GC(3) Using 10 workers of 10 for evacuation
[2023-06-12T10:40:51.732-0400][gc,phases     ] GC(3)   Pre Evacuate Collection Set: 0.0ms
[2023-06-12T10:40:51.732-0400][gc,phases     ] GC(3)   Evacuate Collection Set: 2.0ms
[2023-06-12T10:40:51.732-0400][gc,phases     ] GC(3)   Post Evacuate Collection Set: 0.2ms
[2023-06-12T10:40:51.732-0400][gc,phases     ] GC(3)   Other: 0.1ms
[2023-06-12T10:40:51.732-0400][gc,heap       ] GC(3) Eden regions: 49->0(46)
[2023-06-12T10:40:51.732-0400][gc,heap       ] GC(3) Survivor regions: 2->5(7)
[2023-06-12T10:40:51.732-0400][gc,heap       ] GC(3) Old regions: 9->9
[2023-06-12T10:40:51.732-0400][gc,heap       ] GC(3) Humongous regions: 129->129
[2023-06-12T10:40:51.732-0400][gc,metaspace  ] GC(3) Metaspace: 29345K(30720K)->29345K(30720K) NonClass: 25865K(26624K)->25865K(26624K) Class: 3479K(4096K)->3479K(4096K)
[2023-06-12T10:40:51.732-0400][gc            ] GC(3) Pause Young (Normal) (G1 Evacuation Pause) 186M->140M(1024M) 2.364ms
[2023-06-12T10:40:51.732-0400][gc,cpu        ] GC(3) User=0.01s Sys=0.00s Real=0.00s
[2023-06-12T10:40:51.900-0400][gc,start      ] GC(4) Pause Young (Concurrent Start) (Metadata GC Threshold)
[2023-06-12T10:40:51.900-0400][gc,task       ] GC(4) Using 10 workers of 10 for evacuation
[2023-06-12T10:40:51.903-0400][gc,phases     ] GC(4)   Pre Evacuate Collection Set: 0.1ms
[2023-06-12T10:40:51.903-0400][gc,phases     ] GC(4)   Evacuate Collection Set: 2.8ms
[2023-06-12T10:40:51.903-0400][gc,phases     ] GC(4)   Post Evacuate Collection Set: 0.5ms
[2023-06-12T10:40:51.903-0400][gc,phases     ] GC(4)   Other: 0.2ms
[2023-06-12T10:40:51.903-0400][gc,heap       ] GC(4) Eden regions: 27->0(45)
[2023-06-12T10:40:51.903-0400][gc,heap       ] GC(4) Survivor regions: 5->6(7)
[2023-06-12T10:40:51.903-0400][gc,heap       ] GC(4) Old regions: 9->10
[2023-06-12T10:40:51.903-0400][gc,heap       ] GC(4) Humongous regions: 129->129
[2023-06-12T10:40:51.903-0400][gc,metaspace  ] GC(4) Metaspace: 34434K(35840K)->34434K(35840K) NonClass: 30468K(31232K)->30468K(31232K) Class: 3965K(4608K)->3965K(4608K)
[2023-06-12T10:40:51.903-0400][gc            ] GC(4) Pause Young (Concurrent Start) (Metadata GC Threshold) 166M->142M(1024M) 3.624ms
[2023-06-12T10:40:51.903-0400][gc,cpu        ] GC(4) User=0.02s Sys=0.00s Real=0.01s
[2023-06-12T10:40:51.904-0400][gc            ] GC(5) Concurrent Cycle
[2023-06-12T10:40:51.904-0400][gc,marking    ] GC(5) Concurrent Clear Claimed Marks
[2023-06-12T10:40:51.904-0400][gc,marking    ] GC(5) Concurrent Clear Claimed Marks 0.112ms
[2023-06-12T10:40:51.904-0400][gc,marking    ] GC(5) Concurrent Scan Root Regions
[2023-06-12T10:40:51.905-0400][gc,marking    ] GC(5) Concurrent Scan Root Regions 1.170ms
[2023-06-12T10:40:51.905-0400][gc,marking    ] GC(5) Concurrent Mark (1.136s)
[2023-06-12T10:40:51.905-0400][gc,marking    ] GC(5) Concurrent Mark From Roots
[2023-06-12T10:40:51.905-0400][gc,task       ] GC(5) Using 3 workers of 3 for marking
[2023-06-12T10:40:51.908-0400][gc,marking    ] GC(5) Concurrent Mark From Roots 2.874ms
[2023-06-12T10:40:51.908-0400][gc,marking    ] GC(5) Concurrent Preclean
[2023-06-12T10:40:51.908-0400][gc,marking    ] GC(5) Concurrent Preclean 0.085ms
[2023-06-12T10:40:51.908-0400][gc,marking    ] GC(5) Concurrent Mark (1.136s, 1.139s) 3.014ms
[2023-06-12T10:40:51.908-0400][gc,start      ] GC(5) Pause Remark
[2023-06-12T10:40:51.911-0400][gc,stringtable] GC(5) Cleaned string and symbol table, strings: 9644 processed, 12 removed, symbols: 85661 processed, 16 removed
[2023-06-12T10:40:51.912-0400][gc            ] GC(5) Pause Remark 143M->143M(1024M) 3.563ms
[2023-06-12T10:40:51.912-0400][gc,cpu        ] GC(5) User=0.03s Sys=0.00s Real=0.00s
[2023-06-12T10:40:51.912-0400][gc,marking    ] GC(5) Concurrent Rebuild Remembered Sets
[2023-06-12T10:40:51.914-0400][gc,marking    ] GC(5) Concurrent Rebuild Remembered Sets 1.989ms
[2023-06-12T10:40:51.914-0400][gc,start      ] GC(5) Pause Cleanup
[2023-06-12T10:40:51.914-0400][gc            ] GC(5) Pause Cleanup 143M->143M(1024M) 0.261ms
[2023-06-12T10:40:51.914-0400][gc,cpu        ] GC(5) User=0.00s Sys=0.00s Real=0.00s
[2023-06-12T10:40:51.914-0400][gc,marking    ] GC(5) Concurrent Cleanup for Next Mark
[2023-06-12T10:40:51.916-0400][gc,marking    ] GC(5) Concurrent Cleanup for Next Mark 2.312ms
[2023-06-12T10:40:51.916-0400][gc            ] GC(5) Concurrent Cycle 12.937ms
[2023-06-12T10:51:36.667-0400][gc,start      ] GC(6) Pause Young (Normal) (G1 Evacuation Pause)
[2023-06-12T10:51:36.667-0400][gc,task       ] GC(6) Using 10 workers of 10 for evacuation
[2023-06-12T10:51:36.676-0400][gc,phases     ] GC(6)   Pre Evacuate Collection Set: 0.1ms
[2023-06-12T10:51:36.676-0400][gc,phases     ] GC(6)   Evacuate Collection Set: 7.0ms
[2023-06-12T10:51:36.676-0400][gc,phases     ] GC(6)   Post Evacuate Collection Set: 1.5ms
[2023-06-12T10:51:36.676-0400][gc,phases     ] GC(6)   Other: 0.2ms
[2023-06-12T10:51:36.676-0400][gc,heap       ] GC(6) Eden regions: 45->0(46)
[2023-06-12T10:51:36.676-0400][gc,heap       ] GC(6) Survivor regions: 6->5(7)
[2023-06-12T10:51:36.676-0400][gc,heap       ] GC(6) Old regions: 10->13
[2023-06-12T10:51:36.676-0400][gc,heap       ] GC(6) Humongous regions: 129->129
[2023-06-12T10:51:36.676-0400][gc,metaspace  ] GC(6) Metaspace: 40490K(42880K)->40490K(42880K) NonClass: 35362K(36608K)->35362K(36608K) Class: 5127K(6272K)->5127K(6272K)
[2023-06-12T10:51:36.676-0400][gc            ] GC(6) Pause Young (Normal) (G1 Evacuation Pause) 187M->144M(1024M) 8.942ms
[2023-06-12T10:51:36.676-0400][gc,cpu        ] GC(6) User=0.07s Sys=0.00s Real=0.01s
[2023-06-12T10:53:01.505-0400][gc,heap,exit  ] Heap
[2023-06-12T10:53:01.505-0400][gc,heap,exit  ]  garbage-first heap   total 1048576K, used 158962K [0x00000000c0000000, 0x0000000100000000)
[2023-06-12T10:53:01.505-0400][gc,heap,exit  ]   region size 1024K, 18 young (18432K), 5 survivors (5120K)
[2023-06-12T10:53:01.505-0400][gc,heap,exit  ]  Metaspace       used 41413K, capacity 43795K, committed 43904K, reserved 1087488K
[2023-06-12T10:53:01.505-0400][gc,heap,exit  ]   class space    used 5344K, capacity 6515K, committed 6528K, reserved 1048576K
