[2023-06-12T10:40:43.184-0400][gc,heap] Heap region size: 1M
[2023-06-12T10:40:43.190-0400][gc     ] Using G1
[2023-06-12T10:40:43.190-0400][gc,heap,coops] Heap address: 0x00000000c0000000, size: 1024 MB, Compressed Oops mode: 32-bit
[2023-06-12T10:40:43.190-0400][gc,cds       ] Mark closed archive regions in map: [0x00000000fff00000, 0x00000000fff6aff8]
[2023-06-12T10:40:43.190-0400][gc,cds       ] Mark open archive regions in map: [0x00000000ffe00000, 0x00000000ffe46ff8]
[2023-06-12T10:40:43.601-0400][gc,start     ] GC(0) Pause Young (Normal) (GCLocker Initiated GC)
[2023-06-12T10:40:43.602-0400][gc,task      ] GC(0) Using 10 workers of 10 for evacuation
[2023-06-12T10:40:43.608-0400][gc,phases    ] GC(0)   Pre Evacuate Collection Set: 0.0ms
[2023-06-12T10:40:43.608-0400][gc,phases    ] GC(0)   Evacuate Collection Set: 5.4ms
[2023-06-12T10:40:43.608-0400][gc,phases    ] GC(0)   Post Evacuate Collection Set: 0.4ms
[2023-06-12T10:40:43.608-0400][gc,phases    ] GC(0)   Other: 0.5ms
[2023-06-12T10:40:43.608-0400][gc,heap      ] GC(0) Eden regions: 51->0(44)
[2023-06-12T10:40:43.608-0400][gc,heap      ] GC(0) Survivor regions: 0->7(7)
[2023-06-12T10:40:43.608-0400][gc,heap      ] GC(0) Old regions: 2->2
[2023-06-12T10:40:43.608-0400][gc,heap      ] GC(0) Humongous regions: 0->0
[2023-06-12T10:40:43.608-0400][gc,metaspace ] GC(0) Metaspace: 14223K(14848K)->14223K(14848K) NonClass: 12475K(12800K)->12475K(12800K) Class: 1748K(2048K)->1748K(2048K)
[2023-06-12T10:40:43.608-0400][gc           ] GC(0) Pause Young (Normal) (GCLocker Initiated GC) 51M->7M(1024M) 6.467ms
[2023-06-12T10:40:43.608-0400][gc,cpu       ] GC(0) User=0.05s Sys=0.00s Real=0.01s
[2023-06-12T10:40:43.841-0400][gc,start     ] GC(1) Pause Young (Concurrent Start) (Metadata GC Threshold)
[2023-06-12T10:40:43.841-0400][gc,task      ] GC(1) Using 10 workers of 10 for evacuation
[2023-06-12T10:40:43.847-0400][gc,phases    ] GC(1)   Pre Evacuate Collection Set: 0.1ms
[2023-06-12T10:40:43.847-0400][gc,phases    ] GC(1)   Evacuate Collection Set: 5.5ms
[2023-06-12T10:40:43.847-0400][gc,phases    ] GC(1)   Post Evacuate Collection Set: 0.3ms
[2023-06-12T10:40:43.847-0400][gc,phases    ] GC(1)   Other: 0.2ms
[2023-06-12T10:40:43.847-0400][gc,heap      ] GC(1) Eden regions: 29->0(49)
[2023-06-12T10:40:43.847-0400][gc,heap      ] GC(1) Survivor regions: 7->2(7)
[2023-06-12T10:40:43.847-0400][gc,heap      ] GC(1) Old regions: 2->9
[2023-06-12T10:40:43.847-0400][gc,heap      ] GC(1) Humongous regions: 0->0
[2023-06-12T10:40:43.847-0400][gc,metaspace ] GC(1) Metaspace: 20516K(21248K)->20516K(21248K) NonClass: 18035K(18432K)->18035K(18432K) Class: 2480K(2816K)->2480K(2816K)
[2023-06-12T10:40:43.847-0400][gc           ] GC(1) Pause Young (Concurrent Start) (Metadata GC Threshold) 36M->8M(1024M) 6.086ms
[2023-06-12T10:40:43.847-0400][gc,cpu       ] GC(1) User=0.03s Sys=0.01s Real=0.01s
[2023-06-12T10:40:43.847-0400][gc           ] GC(2) Concurrent Cycle
[2023-06-12T10:40:43.847-0400][gc,marking   ] GC(2) Concurrent Clear Claimed Marks
[2023-06-12T10:40:43.847-0400][gc,marking   ] GC(2) Concurrent Clear Claimed Marks 0.038ms
[2023-06-12T10:40:43.847-0400][gc,marking   ] GC(2) Concurrent Scan Root Regions
[2023-06-12T10:40:43.848-0400][gc,marking   ] GC(2) Concurrent Scan Root Regions 0.563ms
[2023-06-12T10:40:43.848-0400][gc,marking   ] GC(2) Concurrent Mark (0.666s)
[2023-06-12T10:40:43.848-0400][gc,marking   ] GC(2) Concurrent Mark From Roots
[2023-06-12T10:40:43.848-0400][gc,task      ] GC(2) Using 3 workers of 3 for marking
[2023-06-12T10:40:43.851-0400][gc,marking   ] GC(2) Concurrent Mark From Roots 2.717ms
[2023-06-12T10:40:43.851-0400][gc,marking   ] GC(2) Concurrent Preclean
[2023-06-12T10:40:43.851-0400][gc,marking   ] GC(2) Concurrent Preclean 0.095ms
[2023-06-12T10:40:43.851-0400][gc,marking   ] GC(2) Concurrent Mark (0.666s, 0.669s) 2.866ms
[2023-06-12T10:40:43.851-0400][gc,start     ] GC(2) Pause Remark
[2023-06-12T10:40:43.852-0400][gc,stringtable] GC(2) Cleaned string and symbol table, strings: 5140 processed, 0 removed, symbols: 52714 processed, 43 removed
[2023-06-12T10:40:43.852-0400][gc            ] GC(2) Pause Remark 8M->8M(1024M) 1.389ms
[2023-06-12T10:40:43.852-0400][gc,cpu        ] GC(2) User=0.01s Sys=0.00s Real=0.00s
[2023-06-12T10:40:43.852-0400][gc,marking    ] GC(2) Concurrent Rebuild Remembered Sets
[2023-06-12T10:40:43.854-0400][gc,marking    ] GC(2) Concurrent Rebuild Remembered Sets 1.624ms
[2023-06-12T10:40:43.854-0400][gc,start      ] GC(2) Pause Cleanup
[2023-06-12T10:40:43.854-0400][gc            ] GC(2) Pause Cleanup 8M->8M(1024M) 0.164ms
[2023-06-12T10:40:43.854-0400][gc,cpu        ] GC(2) User=0.00s Sys=0.00s Real=0.00s
[2023-06-12T10:40:43.854-0400][gc,marking    ] GC(2) Concurrent Cleanup for Next Mark
[2023-06-12T10:40:43.857-0400][gc,marking    ] GC(2) Concurrent Cleanup for Next Mark 2.773ms
[2023-06-12T10:40:43.857-0400][gc            ] GC(2) Concurrent Cycle 9.787ms
[2023-06-12T10:40:44.223-0400][gc,start      ] GC(3) Pause Young (Normal) (G1 Evacuation Pause)
[2023-06-12T10:40:44.223-0400][gc,task       ] GC(3) Using 10 workers of 10 for evacuation
[2023-06-12T10:40:44.226-0400][gc,phases     ] GC(3)   Pre Evacuate Collection Set: 0.0ms
[2023-06-12T10:40:44.226-0400][gc,phases     ] GC(3)   Evacuate Collection Set: 1.8ms
[2023-06-12T10:40:44.226-0400][gc,phases     ] GC(3)   Post Evacuate Collection Set: 0.2ms
[2023-06-12T10:40:44.226-0400][gc,phases     ] GC(3)   Other: 0.1ms
[2023-06-12T10:40:44.226-0400][gc,heap       ] GC(3) Eden regions: 49->0(46)
[2023-06-12T10:40:44.226-0400][gc,heap       ] GC(3) Survivor regions: 2->5(7)
[2023-06-12T10:40:44.226-0400][gc,heap       ] GC(3) Old regions: 9->9
[2023-06-12T10:40:44.226-0400][gc,heap       ] GC(3) Humongous regions: 129->129
[2023-06-12T10:40:44.226-0400][gc,metaspace  ] GC(3) Metaspace: 29315K(30720K)->29315K(30720K) NonClass: 25838K(26624K)->25838K(26624K) Class: 3476K(4096K)->3476K(4096K)
[2023-06-12T10:40:44.226-0400][gc            ] GC(3) Pause Young (Normal) (G1 Evacuation Pause) 186M->140M(1024M) 2.276ms
[2023-06-12T10:40:44.226-0400][gc,cpu        ] GC(3) User=0.02s Sys=0.00s Real=0.00s
[2023-06-12T10:40:44.385-0400][gc,start      ] GC(4) Pause Young (Concurrent Start) (Metadata GC Threshold)
[2023-06-12T10:40:44.385-0400][gc,task       ] GC(4) Using 10 workers of 10 for evacuation
[2023-06-12T10:40:44.388-0400][gc,phases     ] GC(4)   Pre Evacuate Collection Set: 0.1ms
[2023-06-12T10:40:44.388-0400][gc,phases     ] GC(4)   Evacuate Collection Set: 2.0ms
[2023-06-12T10:40:44.388-0400][gc,phases     ] GC(4)   Post Evacuate Collection Set: 0.2ms
[2023-06-12T10:40:44.388-0400][gc,phases     ] GC(4)   Other: 0.2ms
[2023-06-12T10:40:44.388-0400][gc,heap       ] GC(4) Eden regions: 26->0(45)
[2023-06-12T10:40:44.388-0400][gc,heap       ] GC(4) Survivor regions: 5->6(7)
[2023-06-12T10:40:44.388-0400][gc,heap       ] GC(4) Old regions: 9->10
[2023-06-12T10:40:44.388-0400][gc,heap       ] GC(4) Humongous regions: 129->129
[2023-06-12T10:40:44.388-0400][gc,metaspace  ] GC(4) Metaspace: 34409K(35840K)->34409K(35840K) NonClass: 30370K(31104K)->30370K(31104K) Class: 4039K(4736K)->4039K(4736K)
[2023-06-12T10:40:44.388-0400][gc            ] GC(4) Pause Young (Concurrent Start) (Metadata GC Threshold) 166M->142M(1024M) 2.646ms
[2023-06-12T10:40:44.388-0400][gc,cpu        ] GC(4) User=0.02s Sys=0.00s Real=0.00s
[2023-06-12T10:40:44.388-0400][gc            ] GC(5) Concurrent Cycle
[2023-06-12T10:40:44.388-0400][gc,marking    ] GC(5) Concurrent Clear Claimed Marks
[2023-06-12T10:40:44.388-0400][gc,marking    ] GC(5) Concurrent Clear Claimed Marks 0.141ms
[2023-06-12T10:40:44.388-0400][gc,marking    ] GC(5) Concurrent Scan Root Regions
[2023-06-12T10:40:44.389-0400][gc,marking    ] GC(5) Concurrent Scan Root Regions 1.311ms
[2023-06-12T10:40:44.389-0400][gc,marking    ] GC(5) Concurrent Mark (1.207s)
[2023-06-12T10:40:44.389-0400][gc,marking    ] GC(5) Concurrent Mark From Roots
[2023-06-12T10:40:44.389-0400][gc,task       ] GC(5) Using 3 workers of 3 for marking
[2023-06-12T10:40:44.393-0400][gc,marking    ] GC(5) Concurrent Mark From Roots 3.249ms
[2023-06-12T10:40:44.393-0400][gc,marking    ] GC(5) Concurrent Preclean
[2023-06-12T10:40:44.393-0400][gc,marking    ] GC(5) Concurrent Preclean 0.101ms
[2023-06-12T10:40:44.393-0400][gc,marking    ] GC(5) Concurrent Mark (1.207s, 1.211s) 3.407ms
[2023-06-12T10:40:44.393-0400][gc,start      ] GC(5) Pause Remark
[2023-06-12T10:40:44.394-0400][gc,stringtable] GC(5) Cleaned string and symbol table, strings: 9667 processed, 12 removed, symbols: 85076 processed, 15 removed
[2023-06-12T10:40:44.395-0400][gc            ] GC(5) Pause Remark 143M->143M(1024M) 1.843ms
[2023-06-12T10:40:44.395-0400][gc,cpu        ] GC(5) User=0.02s Sys=0.00s Real=0.01s
[2023-06-12T10:40:44.395-0400][gc,marking    ] GC(5) Concurrent Rebuild Remembered Sets
[2023-06-12T10:40:44.397-0400][gc,marking    ] GC(5) Concurrent Rebuild Remembered Sets 2.628ms
[2023-06-12T10:40:44.398-0400][gc,start      ] GC(5) Pause Cleanup
[2023-06-12T10:40:44.398-0400][gc            ] GC(5) Pause Cleanup 143M->143M(1024M) 0.172ms
[2023-06-12T10:40:44.398-0400][gc,cpu        ] GC(5) User=0.01s Sys=0.00s Real=0.00s
[2023-06-12T10:40:44.398-0400][gc,marking    ] GC(5) Concurrent Cleanup for Next Mark
[2023-06-12T10:40:44.400-0400][gc,marking    ] GC(5) Concurrent Cleanup for Next Mark 2.347ms
[2023-06-12T10:40:44.400-0400][gc            ] GC(5) Concurrent Cycle 12.346ms
[2023-06-12T10:50:22.606-0400][gc,start      ] GC(6) Pause Young (Normal) (G1 Evacuation Pause)
[2023-06-12T10:50:22.606-0400][gc,task       ] GC(6) Using 10 workers of 10 for evacuation
[2023-06-12T10:50:22.611-0400][gc,phases     ] GC(6)   Pre Evacuate Collection Set: 0.0ms
[2023-06-12T10:50:22.611-0400][gc,phases     ] GC(6)   Evacuate Collection Set: 3.7ms
[2023-06-12T10:50:22.611-0400][gc,phases     ] GC(6)   Post Evacuate Collection Set: 0.7ms
[2023-06-12T10:50:22.611-0400][gc,phases     ] GC(6)   Other: 0.2ms
[2023-06-12T10:50:22.611-0400][gc,heap       ] GC(6) Eden regions: 45->0(47)
[2023-06-12T10:50:22.611-0400][gc,heap       ] GC(6) Survivor regions: 6->4(7)
[2023-06-12T10:50:22.611-0400][gc,heap       ] GC(6) Old regions: 10->13
[2023-06-12T10:50:22.611-0400][gc,heap       ] GC(6) Humongous regions: 129->129
[2023-06-12T10:50:22.611-0400][gc,metaspace  ] GC(6) Metaspace: 40416K(42880K)->40416K(42880K) NonClass: 35104K(36352K)->35104K(36352K) Class: 5311K(6528K)->5311K(6528K)
[2023-06-12T10:50:22.611-0400][gc            ] GC(6) Pause Young (Normal) (G1 Evacuation Pause) 187M->144M(1024M) 4.630ms
[2023-06-12T10:50:22.611-0400][gc,cpu        ] GC(6) User=0.03s Sys=0.00s Real=0.00s
[2023-06-12T10:53:29.434-0400][gc,heap,exit  ] Heap
[2023-06-12T10:53:29.434-0400][gc,heap,exit  ]  garbage-first heap   total 1048576K, used 172232K [0x00000000c0000000, 0x0000000100000000)
[2023-06-12T10:53:29.434-0400][gc,heap,exit  ]   region size 1024K, 30 young (30720K), 4 survivors (4096K)
[2023-06-12T10:53:29.434-0400][gc,heap,exit  ]  Metaspace       used 42506K, capacity 45163K, committed 45184K, reserved 1087488K
[2023-06-12T10:53:29.434-0400][gc,heap,exit  ]   class space    used 5670K, capacity 7020K, committed 7040K, reserved 1048576K
