[2023-06-12T09:22:30.064-0400][gc,heap] Heap region size: 1M
[2023-06-12T09:22:30.068-0400][gc     ] Using G1
[2023-06-12T09:22:30.068-0400][gc,heap,coops] Heap address: 0x00000000e0000000, size: 512 MB, Compressed Oops mode: 32-bit
[2023-06-12T09:22:30.068-0400][gc,cds       ] Mark closed archive regions in map: [0x00000000fff00000, 0x00000000fff6aff8]
[2023-06-12T09:22:30.068-0400][gc,cds       ] Mark open archive regions in map: [0x00000000ffe00000, 0x00000000ffe46ff8]
[2023-06-12T09:22:30.484-0400][gc,start     ] GC(0) Pause Young (Normal) (G1 Evacuation Pause)
[2023-06-12T09:22:30.485-0400][gc,task      ] GC(0) Using 10 workers of 10 for evacuation
[2023-06-12T09:22:30.500-0400][gc,phases    ] GC(0)   Pre Evacuate Collection Set: 0.0ms
[2023-06-12T09:22:30.500-0400][gc,phases    ] GC(0)   Evacuate Collection Set: 14.6ms
[2023-06-12T09:22:30.500-0400][gc,phases    ] GC(0)   Post Evacuate Collection Set: 0.4ms
[2023-06-12T09:22:30.500-0400][gc,phases    ] GC(0)   Other: 0.5ms
[2023-06-12T09:22:30.500-0400][gc,heap      ] GC(0) Eden regions: 25->0(21)
[2023-06-12T09:22:30.500-0400][gc,heap      ] GC(0) Survivor regions: 0->4(4)
[2023-06-12T09:22:30.500-0400][gc,heap      ] GC(0) Old regions: 2->5
[2023-06-12T09:22:30.500-0400][gc,heap      ] GC(0) Humongous regions: 0->0
[2023-06-12T09:22:30.500-0400][gc,metaspace ] GC(0) Metaspace: 7274K(7936K)->7274K(7936K) NonClass: 6454K(6912K)->6454K(6912K) Class: 819K(1024K)->819K(1024K)
[2023-06-12T09:22:30.500-0400][gc           ] GC(0) Pause Young (Normal) (G1 Evacuation Pause) 25M->7M(512M) 15.598ms
[2023-06-12T09:22:30.500-0400][gc,cpu       ] GC(0) User=0.13s Sys=0.00s Real=0.01s
[2023-06-12T10:23:41.633-0400][gc,start     ] GC(1) Pause Young (Normal) (G1 Evacuation Pause)
[2023-06-12T10:23:41.637-0400][gc,task      ] GC(1) Using 10 workers of 10 for evacuation
[2023-06-12T10:23:41.641-0400][gc,phases    ] GC(1)   Pre Evacuate Collection Set: 0.0ms
[2023-06-12T10:23:41.641-0400][gc,phases    ] GC(1)   Evacuate Collection Set: 2.8ms
[2023-06-12T10:23:41.641-0400][gc,phases    ] GC(1)   Post Evacuate Collection Set: 0.8ms
[2023-06-12T10:23:41.641-0400][gc,phases    ] GC(1)   Other: 4.2ms
[2023-06-12T10:23:41.641-0400][gc,heap      ] GC(1) Eden regions: 21->0(24)
[2023-06-12T10:23:41.641-0400][gc,heap      ] GC(1) Survivor regions: 4->1(4)
[2023-06-12T10:23:41.641-0400][gc,heap      ] GC(1) Old regions: 5->9
[2023-06-12T10:23:41.641-0400][gc,heap      ] GC(1) Humongous regions: 0->0
[2023-06-12T10:23:41.641-0400][gc,metaspace ] GC(1) Metaspace: 9236K(9984K)->9236K(9984K) NonClass: 8254K(8704K)->8254K(8704K) Class: 981K(1280K)->981K(1280K)
[2023-06-12T10:23:41.641-0400][gc           ] GC(1) Pause Young (Normal) (G1 Evacuation Pause) 28M->8M(512M) 7.981ms
[2023-06-12T10:23:41.641-0400][gc,cpu       ] GC(1) User=0.03s Sys=0.00s Real=0.01s
[2023-06-12T10:40:13.125-0400][gc,heap,exit ] Heap
[2023-06-12T10:40:13.125-0400][gc,heap,exit ]  garbage-first heap   total 524288K, used 12466K [0x00000000e0000000, 0x0000000100000000)
[2023-06-12T10:40:13.125-0400][gc,heap,exit ]   region size 1024K, 6 young (6144K), 1 survivors (1024K)
[2023-06-12T10:40:13.125-0400][gc,heap,exit ]  Metaspace       used 9244K, capacity 9635K, committed 9984K, reserved 1058816K
[2023-06-12T10:40:13.125-0400][gc,heap,exit ]   class space    used 982K, capacity 1154K, committed 1280K, reserved 1048576K
